Archive member included because of file (symbol)

libbb/lib.a(appletlib.o)      /home/svm/openwrt_rtk/rtk_openwrt_sdk/staging_dir/rsdk-4.6.4-5281-EB-3.10-0.9.33-m32ub-20141001/bin/../lib/gcc/mips-linux-uclibc/4.6.4/../../../../mips-linux-uclibc/lib/crt1.o (main)
libbb/lib.a(default_error_retval.o)
                              libbb/lib.a(appletlib.o) (xfunc_error_retval)
libbb/lib.a(get_last_path_component.o)
                              libbb/lib.a(appletlib.o) (bb_basename)
libbb/lib.a(last_char_is.o)   libbb/lib.a(get_last_path_component.o) (last_char_is)
libbb/lib.a(messages.o)       libbb/lib.a(appletlib.o) (bb_banner)
libbb/lib.a(ptr_to_globals.o)
                              libbb/lib.a(appletlib.o) (bb_errno)
libbb/lib.a(verror_msg.o)     libbb/lib.a(appletlib.o) (bb_error_msg_and_die)
libbb/lib.a(xfunc_die.o)      libbb/lib.a(appletlib.o) (xfunc_die)
libbb/lib.a(xfuncs.o)         libbb/lib.a(appletlib.o) (full_write2_str)
libbb/lib.a(xfuncs_printf.o)  libbb/lib.a(appletlib.o) (malloc_or_warn)
libbb/lib.a(copyfd.o)         libbb/lib.a(xfuncs_printf.o) (bb_copyfd_eof)
libbb/lib.a(full_write.o)     libbb/lib.a(verror_msg.o) (full_write)
libbb/lib.a(perror_msg.o)     libbb/lib.a(xfuncs_printf.o) (bb_perror_msg)
libbb/lib.a(read.o)           libbb/lib.a(copyfd.o) (safe_read)
libbb/lib.a(safe_write.o)     libbb/lib.a(full_write.o) (safe_write)
libbb/lib.a(time.o)           libbb/lib.a(xfuncs_printf.o) (monotonic_us)
libbb/lib.a(bb_strtonum.o)    libbb/lib.a(time.o) (bb_strtol)
loginutils/lib.a(passwd.o)    libbb/lib.a(appletlib.o) (passwd_main)
miscutils/lib.a(crond.o)      libbb/lib.a(appletlib.o) (crond_main)
miscutils/lib.a(crontab.o)    libbb/lib.a(appletlib.o) (crontab_main)
miscutils/lib.a(devmem.o)     libbb/lib.a(appletlib.o) (devmem_main)
miscutils/lib.a(less.o)       libbb/lib.a(appletlib.o) (less_main)
miscutils/lib.a(lock.o)       libbb/lib.a(appletlib.o) (lock_main)
miscutils/lib.a(strings.o)    libbb/lib.a(appletlib.o) (strings_main)
miscutils/lib.a(time.o)       libbb/lib.a(appletlib.o) (time_main)
networking/lib.a(arping.o)    libbb/lib.a(appletlib.o) (arping_main)
networking/lib.a(brctl.o)     libbb/lib.a(appletlib.o) (brctl_main)
networking/lib.a(ifconfig.o)  libbb/lib.a(appletlib.o) (ifconfig_main)
networking/lib.a(interface.o)
                              networking/lib.a(ifconfig.o) (display_interfaces)
networking/lib.a(nc.o)        libbb/lib.a(appletlib.o) (nc_main)
networking/lib.a(netmsg.o)    libbb/lib.a(appletlib.o) (netmsg_main)
networking/lib.a(netstat.o)   libbb/lib.a(appletlib.o) (netstat_main)
networking/lib.a(nslookup.o)  libbb/lib.a(appletlib.o) (nslookup_main)
networking/lib.a(ntpd.o)      libbb/lib.a(appletlib.o) (ntpd_main)
networking/lib.a(ping.o)      libbb/lib.a(appletlib.o) (ping_main)
networking/lib.a(route.o)     networking/lib.a(netstat.o) (bb_displayroutes)
networking/lib.a(telnet.o)    libbb/lib.a(appletlib.o) (telnet_main)
networking/lib.a(telnetd.o)   libbb/lib.a(appletlib.o) (telnetd_main)
networking/lib.a(traceroute.o)
                              libbb/lib.a(appletlib.o) (traceroute_main)
networking/lib.a(vconfig.o)   libbb/lib.a(appletlib.o) (vconfig_main)
networking/lib.a(wget.o)      libbb/lib.a(appletlib.o) (wget_main)
networking/udhcp/lib.a(dhcpc.o)
                              libbb/lib.a(appletlib.o) (udhcpc_main)
networking/udhcp/lib.a(domain_codec.o)
                              networking/udhcp/lib.a(dhcpc.o) (dname_dec)
networking/udhcp/lib.a(packet.o)
                              networking/udhcp/lib.a(dhcpc.o) (udhcp_init_header)
networking/udhcp/lib.a(signalpipe.o)
                              networking/udhcp/lib.a(dhcpc.o) (udhcp_sp_setup)
networking/udhcp/lib.a(socket.o)
                              networking/udhcp/lib.a(dhcpc.o) (udhcp_read_interface)
networking/udhcp/lib.a(common.o)
                              networking/udhcp/lib.a(dhcpc.o) (udhcp_option_idx)
procps/lib.a(free.o)          libbb/lib.a(appletlib.o) (free_main)
procps/lib.a(kill.o)          libbb/lib.a(appletlib.o) (kill_main)
procps/lib.a(pgrep.o)         libbb/lib.a(appletlib.o) (pgrep_main)
procps/lib.a(pidof.o)         libbb/lib.a(appletlib.o) (pidof_main)
procps/lib.a(ps.o)            libbb/lib.a(appletlib.o) (ps_main)
procps/lib.a(sysctl.o)        libbb/lib.a(appletlib.o) (sysctl_main)
procps/lib.a(top.o)           libbb/lib.a(appletlib.o) (top_main)
procps/lib.a(uptime.o)        libbb/lib.a(appletlib.o) (uptime_main)
shell/lib.a(ash.o)            libbb/lib.a(appletlib.o) (ash_main)
shell/lib.a(ash_ptr_hack.o)   shell/lib.a(ash.o) (ash_ptr_to_globals_var)
shell/lib.a(math.o)           shell/lib.a(ash.o) (arith)
shell/lib.a(shell_common.o)   shell/lib.a(ash.o) (shell_builtin_read)
sysklogd/lib.a(syslogd_and_logger.o)
                              libbb/lib.a(appletlib.o) (logger_main)
util-linux/lib.a(dmesg.o)     libbb/lib.a(appletlib.o) (dmesg_main)
util-linux/lib.a(hexdump.o)   libbb/lib.a(appletlib.o) (hexdump_main)
[...]
Memory Configuration

Name             Origin             Length             Attributes
*default*        0x0000000000000000 0xffffffffffffffff

Linker script and memory map

LOAD /home/svm/openwrt_rtk/rtk_openwrt_sdk/staging_dir/rsdk-4.6.4-5281-EB-3.10-0.9.33-m32ub-20141001/bin/../lib/gcc/mips-linux-uclibc/4.6.4/../../../../mips-linux-uclibc/lib/crt1.o
LOAD /home/svm/openwrt_rtk/rtk_openwrt_sdk/staging_dir/rsdk-4.6.4-5281-EB-3.10-0.9.33-m32ub-20141001/bin/../lib/gcc/mips-linux-uclibc/4.6.4/../../../../mips-linux-uclibc/lib/crti.o
LOAD /home/svm/openwrt_rtk/rtk_openwrt_sdk/staging_dir/rsdk-4.6.4-5281-EB-3.10-0.9.33-m32ub-20141001/bin/../lib/gcc/mips-linux-uclibc/4.6.4/crtbegin.o
START GROUP
LOAD applets/built-in.o
LOAD archival/lib.a
LOAD archival/libarchive/lib.a
LOAD console-tools/lib.a
LOAD coreutils/lib.a
LOAD coreutils/libcoreutils/lib.a
LOAD debianutils/lib.a
LOAD e2fsprogs/lib.a
LOAD editors/lib.a
LOAD findutils/lib.a
LOAD init/lib.a
LOAD libbb/lib.a
LOAD libpwdgrp/lib.a
LOAD loginutils/lib.a
LOAD mailutils/lib.a
LOAD miscutils/lib.a
LOAD modutils/lib.a
LOAD networking/lib.a
LOAD networking/libiproute/lib.a
LOAD networking/udhcp/lib.a
LOAD printutils/lib.a
LOAD procps/lib.a
LOAD runit/lib.a
LOAD selinux/lib.a
LOAD shell/lib.a
LOAD sysklogd/lib.a
LOAD util-linux/lib.a
LOAD util-linux/volume_id/lib.a
LOAD archival/built-in.o
LOAD archival/libarchive/built-in.o
LOAD console-tools/built-in.o
LOAD coreutils/built-in.o
LOAD coreutils/libcoreutils/built-in.o
LOAD debianutils/built-in.o
LOAD e2fsprogs/built-in.o
LOAD editors/built-in.o
LOAD findutils/built-in.o
LOAD init/built-in.o
LOAD libbb/built-in.o
LOAD libpwdgrp/built-in.o
LOAD loginutils/built-in.o
LOAD mailutils/built-in.o
LOAD miscutils/built-in.o
LOAD modutils/built-in.o
LOAD networking/built-in.o
LOAD networking/libiproute/built-in.o
LOAD networking/udhcp/built-in.o
LOAD printutils/built-in.o
LOAD procps/built-in.o
LOAD runit/built-in.o
LOAD selinux/built-in.o
LOAD shell/built-in.o
LOAD sysklogd/built-in.o
LOAD util-linux/built-in.o
LOAD util-linux/volume_id/built-in.o
END GROUP
START GROUP
LOAD /home/svm/openwrt_rtk/rtk_openwrt_sdk/staging_dir/rsdk-4.6.4-5281-EB-3.10-0.9.33-m32ub-20141001/bin/../lib/gcc/mips-linux-uclibc/4.6.4/../../../../mips-linux-uclibc/lib/libcrypt.so
LOAD /home/svm/openwrt_rtk/rtk_openwrt_sdk/staging_dir/rsdk-4.6.4-5281-EB-3.10-0.9.33-m32ub-20141001/bin/../lib/gcc/mips-linux-uclibc/4.6.4/../../../../mips-linux-uclibc/lib/libm.so
END GROUP
LOAD /home/svm/openwrt_rtk/rtk_openwrt_sdk/staging_dir/rsdk-4.6.4-5281-EB-3.10-0.9.33-m32ub-20141001/bin/../lib/gcc/mips-linux-uclibc/4.6.4/../../../../mips-linux-uclibc/lib/libgcc_s.so
LOAD /home/svm/openwrt_rtk/rtk_openwrt_sdk/staging_dir/rsdk-4.6.4-5281-EB-3.10-0.9.33-m32ub-20141001/bin/../lib/gcc/mips-linux-uclibc/4.6.4/../../../../mips-linux-uclibc/lib/libc.so
START GROUP
LOAD /home/svm/openwrt_rtk/rtk_openwrt_sdk/staging_dir/rsdk-4.6.4-5281-EB-3.10-0.9.33-m32ub-20141001/bin/../lib/gcc/mips-linux-uclibc/4.6.4/../../../../mips-linux-uclibc/lib/libc.so.0
LOAD /home/svm/openwrt_rtk/rtk_openwrt_sdk/staging_dir/rsdk-4.6.4-5281-EB-3.10-0.9.33-m32ub-20141001/bin/../lib/gcc/mips-linux-uclibc/4.6.4/../../../../mips-linux-uclibc/lib/uclibc_nonshared.a
LOAD /home/svm/openwrt_rtk/rtk_openwrt_sdk/staging_dir/rsdk-4.6.4-5281-EB-3.10-0.9.33-m32ub-20141001/bin/../lib/gcc/mips-linux-uclibc/4.6.4/../../../../mips-linux-uclibc/lib/ld-uClibc.so.0
END GROUP
LOAD /home/svm/openwrt_rtk/rtk_openwrt_sdk/staging_dir/rsdk-4.6.4-5281-EB-3.10-0.9.33-m32ub-20141001/bin/../lib/gcc/mips-linux-uclibc/4.6.4/../../../../mips-linux-uclibc/lib/libgcc_s.so
LOAD /home/svm/openwrt_rtk/rtk_openwrt_sdk/staging_dir/rsdk-4.6.4-5281-EB-3.10-0.9.33-m32ub-20141001/bin/../lib/gcc/mips-linux-uclibc/4.6.4/crtend.o
LOAD /home/svm/openwrt_rtk/rtk_openwrt_sdk/staging_dir/rsdk-4.6.4-5281-EB-3.10-0.9.33-m32ub-20141001/bin/../lib/gcc/mips-linux-uclibc/4.6.4/../../../../mips-linux-uclibc/lib/crtn.o
                0x0000000000400000                PROVIDE (__executable_start, 0x400000)
                0x0000000000400114                . = (0x400000 + SIZEOF_HEADERS)

.interp         0x0000000000400114       0x14
 *(SORT(.interp))
 .interp        0x0000000000400114       0x14 /home/svm/openwrt_rtk/rtk_openwrt_sdk/staging_dir/rsdk-4.6.4-5281-EB-3.10-0.9.33-m32ub-20141001/bin/../lib/gcc/mips-linux-uclibc/4.6.4/../../../../mips-linux-uclibc/lib/crt1.o

.reginfo
 *(SORT(.reginfo))

.note.gnu.build-id
 *(SORT(.note.gnu.build-id))

.dynamic        0x0000000000400128      0x128
 *(SORT(.dynamic))
 .dynamic       0x0000000000400128      0x128 /home/svm/openwrt_rtk/rtk_openwrt_sdk/staging_dir/rsdk-4.6.4-5281-EB-3.10-0.9.33-m32ub-20141001/bin/../lib/gcc/mips-linux-uclibc/4.6.4/../../../../mips-linux-uclibc/lib/crt1.o
                0x0000000000400128                _DYNAMIC

.hash           0x0000000000400250      0x97c
 *(SORT(.hash))
 .hash          0x0000000000400250      0x97c /home/svm/openwrt_rtk/rtk_openwrt_sdk/staging_dir/rsdk-4.6.4-5281-EB-3.10-0.9.33-m32ub-20141001/bin/../lib/gcc/mips-linux-uclibc/4.6.4/../../../../mips-linux-uclibc/lib/crt1.o

.gnu.hash
 *(SORT(.gnu.hash))

.dynsym         0x0000000000400bcc     0x1560
 *(SORT(.dynsym))
 .dynsym        0x0000000000400bcc     0x1560 /home/svm/openwrt_rtk/rtk_openwrt_sdk/staging_dir/rsdk-4.6.4-5281-EB-3.10-0.9.33-m32ub-20141001/bin/../lib/gcc/mips-linux-uclibc/4.6.4/../../../../mips-linux-uclibc/lib/crt1.o

.dynstr         0x000000000040212c      0xadd
 *(SORT(.dynstr))
 .dynstr        0x000000000040212c      0xadd /home/svm/openwrt_rtk/rtk_openwrt_sdk/staging_dir/rsdk-4.6.4-5281-EB-3.10-0.9.33-m32ub-20141001/bin/../lib/gcc/mips-linux-uclibc/4.6.4/../../../../mips-linux-uclibc/lib/crt1.o

.gnu.version    0x0000000000402c0a      0x2ac
 *(SORT(.gnu.version))
 .gnu.version   0x0000000000402c0a      0x2ac /home/svm/openwrt_rtk/rtk_openwrt_sdk/staging_dir/rsdk-4.6.4-5281-EB-3.10-0.9.33-m32ub-20141001/bin/../lib/gcc/mips-linux-uclibc/4.6.4/../../../../mips-linux-uclibc/lib/crt1.o

.gnu.version_d  0x0000000000402eb8        0x0
 *(SORT(.gnu.version_d))
 .gnu.version_d
                0x0000000000000000        0x0 /home/svm/openwrt_rtk/rtk_openwrt_sdk/staging_dir/rsdk-4.6.4-5281-EB-3.10-0.9.33-m32ub-20141001/bin/../lib/gcc/mips-linux-uclibc/4.6.4/../../../../mips-linux-uclibc/lib/crt1.o

.gnu.version_r  0x0000000000402eb8       0x50
 *(SORT(.gnu.version_r))
 .gnu.version_r
                0x0000000000402eb8       0x50 /home/svm/openwrt_rtk/rtk_openwrt_sdk/staging_dir/rsdk-4.6.4-5281-EB-3.10-0.9.33-m32ub-20141001/bin/../lib/gcc/mips-linux-uclibc/4.6.4/../../../../mips-linux-uclibc/lib/crt1.o

.rel.dyn        0x0000000000402f08       0x58
 *(SORT(.rel.init))
 *(SORT(.rel.text) SORT(.rel.text.*) SORT(.rel.gnu.linkonce.t.*))
 *(SORT(.rel.fini))
 *(SORT(.rel.rodata) SORT(.rel.rodata.*) SORT(.rel.gnu.linkonce.r.*))
 *(SORT(.rel.data.rel.ro) SORT(.rel.data.rel.ro.*) SORT(.rel.gnu.linkonce.d.rel.ro.*))
 *(SORT(.rel.data) SORT(.rel.data.*) SORT(.rel.gnu.linkonce.d.*))
 *(SORT(.rel.tdata) SORT(.rel.tdata.*) SORT(.rel.gnu.linkonce.td.*))
 *(SORT(.rel.tbss) SORT(.rel.tbss.*) SORT(.rel.gnu.linkonce.tb.*))
 *(SORT(.rel.ctors))
 *(SORT(.rel.dtors))
 *(SORT(.rel.got))
 *(SORT(.rel.dyn))
 .rel.dyn       0x0000000000402f08       0x58 /home/svm/openwrt_rtk/rtk_openwrt_sdk/staging_dir/rsdk-4.6.4-5281-EB-3.10-0.9.33-m32ub-20141001/bin/../lib/gcc/mips-linux-uclibc/4.6.4/../../../../mips-linux-uclibc/lib/crt1.o
 *(SORT(.rel.sdata) SORT(.rel.sdata.*) SORT(.rel.gnu.linkonce.s.*))
 *(SORT(.rel.sbss) SORT(.rel.sbss.*) SORT(.rel.gnu.linkonce.sb.*))
 *(SORT(.rel.sdata2) SORT(.rel.sdata2.*) SORT(.rel.gnu.linkonce.s2.*))
 *(SORT(.rel.sbss2) SORT(.rel.sbss2.*) SORT(.rel.gnu.linkonce.sb2.*))
 *(SORT(.rel.bss) SORT(.rel.bss.*) SORT(.rel.gnu.linkonce.b.*))
 .rel.bss       0x0000000000000000        0x0 /home/svm/openwrt_rtk/rtk_openwrt_sdk/staging_dir/rsdk-4.6.4-5281-EB-3.10-0.9.33-m32ub-20141001/bin/../lib/gcc/mips-linux-uclibc/4.6.4/../../../../mips-linux-uclibc/lib/crt1.o
                0x0000000000402f60                PROVIDE (__rel_iplt_start, .)
 *(SORT(.rel.iplt))
                0x0000000000402f60                PROVIDE (__rel_iplt_end, .)
                0x0000000000402f60                PROVIDE (__rela_iplt_start, .)
                0x0000000000402f60                PROVIDE (__rela_iplt_end, .)

.rela.dyn       0x0000000000402f60        0x0
 *(SORT(.rela.init))
 *(SORT(.rela.text) SORT(.rela.text.*) SORT(.rela.gnu.linkonce.t.*))
 *(SORT(.rela.fini))
 *(SORT(.rela.rodata) SORT(.rela.rodata.*) SORT(.rela.gnu.linkonce.r.*))
 *(SORT(.rela.data) SORT(.rela.data.*) SORT(.rela.gnu.linkonce.d.*))
 *(SORT(.rela.tdata) SORT(.rela.tdata.*) SORT(.rela.gnu.linkonce.td.*))
 *(SORT(.rela.tbss) SORT(.rela.tbss.*) SORT(.rela.gnu.linkonce.tb.*))
 *(SORT(.rela.ctors))
 *(SORT(.rela.dtors))
 *(SORT(.rela.got))
 *(SORT(.rela.sdata) SORT(.rela.sdata.*) SORT(.rela.gnu.linkonce.s.*))
 *(SORT(.rela.sbss) SORT(.rela.sbss.*) SORT(.rela.gnu.linkonce.sb.*))
 *(SORT(.rela.sdata2) SORT(.rela.sdata2.*) SORT(.rela.gnu.linkonce.s2.*))
 *(SORT(.rela.sbss2) SORT(.rela.sbss2.*) SORT(.rela.gnu.linkonce.sb2.*))
 *(SORT(.rela.bss) SORT(.rela.bss.*) SORT(.rela.gnu.linkonce.b.*))
                0x0000000000402f60                PROVIDE (__rel_iplt_start, .)
                0x0000000000402f60                PROVIDE (__rel_iplt_end, .)
                0x0000000000402f60                PROVIDE (__rela_iplt_start, .)
 *(SORT(.rela.iplt))
                0x0000000000402f60                PROVIDE (__rela_iplt_end, .)

.rel.plt        0x0000000000402f60      0x9d8
 *(SORT(.rel.plt))
 .rel.plt       0x0000000000402f60      0x9d8 /home/svm/openwrt_rtk/rtk_openwrt_sdk/staging_dir/rsdk-4.6.4-5281-EB-3.10-0.9.33-m32ub-20141001/bin/../lib/gcc/mips-linux-uclibc/4.6.4/../../../../mips-linux-uclibc/lib/crt1.o

.rela.plt
 *(SORT(.rela.plt))

.init           0x0000000000403938       0x48
 *(SORT(.init))
 .init          0x0000000000403938       0x1c /home/svm/openwrt_rtk/rtk_openwrt_sdk/staging_dir/rsdk-4.6.4-5281-EB-3.10-0.9.33-m32ub-20141001/bin/../lib/gcc/mips-linux-uclibc/4.6.4/../../../../mips-linux-uclibc/lib/crti.o
                0x0000000000403938                _init
 .init          0x0000000000403954       0x10 /home/svm/openwrt_rtk/rtk_openwrt_sdk/staging_dir/rsdk-4.6.4-5281-EB-3.10-0.9.33-m32ub-20141001/bin/../lib/gcc/mips-linux-uclibc/4.6.4/crtbegin.o
 .init          0x0000000000403964       0x10 /home/svm/openwrt_rtk/rtk_openwrt_sdk/staging_dir/rsdk-4.6.4-5281-EB-3.10-0.9.33-m32ub-20141001/bin/../lib/gcc/mips-linux-uclibc/4.6.4/crtend.o
 .init          0x0000000000403974        0xc /home/svm/openwrt_rtk/rtk_openwrt_sdk/staging_dir/rsdk-4.6.4-5281-EB-3.10-0.9.33-m32ub-20141001/bin/../lib/gcc/mips-linux-uclibc/4.6.4/../../../../mips-linux-uclibc/lib/crtn.o

.plt            0x0000000000403980     0x13d4
 *(SORT(.plt))
 *fill*         0x0000000000403980        0x0 
 .plt           0x0000000000403980     0x13d4 /home/svm/openwrt_rtk/rtk_openwrt_sdk/staging_dir/rsdk-4.6.4-5281-EB-3.10-0.9.33-m32ub-20141001/bin/../lib/gcc/mips-linux-uclibc/4.6.4/../../../../mips-linux-uclibc/lib/crt1.o
                0x0000000000403980                _PROCEDURE_LINKAGE_TABLE_
                0x00000000004039a0                longjmp
                0x00000000004039b0                stpcpy
                0x00000000004039c0                __umoddi3@@GLIBC_2.0
                0x00000000004039d0                chroot
                0x00000000004039e0                strcpy
                0x00000000004039f0                setrlimit64
                0x0000000000403a00                unsetenv
                0x0000000000403a10                log
                0x0000000000403a20                mkstemp64
                0x0000000000403a30                sqrt
                0x0000000000403a40                waitpid
                0x0000000000403a50                __divdi3@@GLIBC_2.0
                0x0000000000403a60                ioctl
                0x0000000000403a70                if_indextoname
                0x0000000000403a80                getgid
                0x0000000000403a90                popen
                0x0000000000403aa0                sysconf
                0x0000000000403ab0                printf
                0x0000000000403ac0                vsprintf
                0x0000000000403ad0                random
                0x0000000000403ae0                getspnam_r
                0x0000000000403af0                __divdf3@@GCC_3.0
                0x0000000000403b00                recv
                0x0000000000403b10                connect
                0x0000000000403b20                ungetc
                0x0000000000403b30                __bswapdi2@@GCC_4.3.0
                0x0000000000403b40                utimes
                0x0000000000403b50                strerror
                0x0000000000403b60                memrchr
                0x0000000000403b70                geteuid
                0x0000000000403b80                inet_pton
                0x0000000000403b90                stat64
                0x0000000000403ba0                memmove
                0x0000000000403bb0                pclose
                0x0000000000403bc0                getopt_long
                0x0000000000403bd0                snprintf
                0x0000000000403be0                __gedf2@@GCC_3.0
                0x0000000000403bf0                mknod
                0x0000000000403c00                getgrgid
                0x0000000000403c10                times
                0x0000000000403c20                statfs64
                0x0000000000403c30                getenv
                0x0000000000403c40                fchmod
                0x0000000000403c50                getegid
                0x0000000000403c60                setlinebuf
                0x0000000000403c70                __register_frame_info@@GLIBC_2.0
                0x0000000000403c80                setpriority
                0x0000000000403c90                getpriority
                0x0000000000403ca0                __subdf3@@GCC_3.0
                0x0000000000403cb0                bsearch
                0x0000000000403cc0                usleep
                0x0000000000403cd0                execve
                0x0000000000403ce0                getpagesize
                0x0000000000403cf0                getpid
                0x0000000000403d00                qsort
                0x0000000000403d10                fchown
                0x0000000000403d20                fscanf
                0x0000000000403d30                dirname
                0x0000000000403d40                fcntl64
                0x0000000000403d50                getrlimit64
                0x0000000000403d60                memcpy
                0x0000000000403d70                execl
                0x0000000000403d80                perror
                0x0000000000403d90                readlink
                0x0000000000403da0                puts
                0x0000000000403db0                dup2
                0x0000000000403dc0                tcflush
                0x0000000000403dd0                getuid
                0x0000000000403de0                system
                0x0000000000403df0                feof
                0x0000000000403e00                malloc
                0x0000000000403e10                isatty
                0x0000000000403e20                siglongjmp
                0x0000000000403e30                sleep
                0x0000000000403e40                sysinfo
                0x0000000000403e50                vsnprintf
                0x0000000000403e60                strtoll
                0x0000000000403e70                recvfrom
                0x0000000000403e80                pivot_root
                0x0000000000403e90                strtoul
                0x0000000000403ea0                mktemp
                0x0000000000403eb0                gethostbyaddr
                0x0000000000403ec0                settimeofday
                0x0000000000403ed0                rmdir
                0x0000000000403ee0                socket
                0x0000000000403ef0                select
                0x0000000000403f00                lchown
                0x0000000000403f10                setgroups
                0x0000000000403f20                mempcpy
                0x0000000000403f30                fflush
                0x0000000000403f40                realpath
                0x0000000000403f50                putenv
                0x0000000000403f60                sigaddset
                0x0000000000403f70                clearenv
                0x0000000000403f80                chown
                0x0000000000403f90                strncasecmp
                0x0000000000403fa0                setpgid
                0x0000000000403fb0                freeaddrinfo
                0x0000000000403fc0                __fgetc_unlocked
                0x0000000000403fd0                gmtime_r
                0x0000000000403fe0                chmod
                0x0000000000403ff0                getnameinfo
                0x0000000000404000                __floatunsidf@@GCC_4.2.0
                0x0000000000404010                fstat64
                0x0000000000404020                alarm
                0x0000000000404030                strtol
                0x0000000000404040                __sigsetjmp
                0x0000000000404050                pipe
                0x0000000000404060                getpgrp
                0x0000000000404070                strnlen
                0x0000000000404080                uname
                0x0000000000404090                accept
                0x00000000004040a0                rename
                0x00000000004040b0                strrchr
                0x00000000004040c0                __fixdfdi@@GCC_3.0
                0x00000000004040d0                strtod
                0x00000000004040e0                gai_strerror
                0x00000000004040f0                __deregister_frame_info@@GLIBC_2.0
                0x0000000000404100                write
                0x0000000000404110                fdatasync
                0x0000000000404120                fprintf
                0x0000000000404130                __gtdf2@@GCC_3.0
                0x0000000000404140                kill
                0x0000000000404150                fputs_unlocked
                0x0000000000404160                ctime
                0x0000000000404170                strcat
                0x0000000000404180                bind
                0x0000000000404190                getmntent_r
                0x00000000004041a0                inet_addr
                0x00000000004041b0                vprintf
                0x00000000004041c0                umount2
                0x00000000004041d0                mkfifo
                0x00000000004041e0                if_nametoindex
                0x00000000004041f0                reboot
                0x0000000000404200                chdir
                0x0000000000404210                initgroups
                0x0000000000404220                endgrent
                0x0000000000404230                setsockopt
                0x0000000000404240                wait3
                0x0000000000404250                cos
                0x0000000000404260                memchr
                0x0000000000404270                __eqdf2@@GCC_3.0
                0x0000000000404280                wait
                0x0000000000404290                __lshrdi3@@GCC_3.0
                0x00000000004042a0                umask
                0x00000000004042b0                __ashldi3@@GCC_3.0
                0x00000000004042c0                dprintf
                0x00000000004042d0                mktime
                0x00000000004042e0                strcasestr
                0x00000000004042f0                ferror
                0x0000000000404300                strstr
                0x0000000000404310                unlockpt
                0x0000000000404320                sin
                0x0000000000404330                rand
                0x0000000000404340                flock
                0x0000000000404350                setgid
                0x0000000000404360                atan2
                0x0000000000404370                signal
                0x0000000000404380                read
                0x0000000000404390                openlog
                0x00000000004043a0                sendmsg
                0x00000000004043b0                closelog
                0x00000000004043c0                strncmp
                0x00000000004043d0                __cmsg_nxthdr
                0x00000000004043e0                setpgrp
                0x00000000004043f0                pow
                0x0000000000404400                strncpy
                0x0000000000404410                unlink
                0x0000000000404420                sync
                0x0000000000404430                setenv
                0x0000000000404440                freopen64
                0x0000000000404450                __floatsidf@@GCC_3.0
                0x0000000000404460                strcasecmp
                0x0000000000404470                sendto
                0x0000000000404480                realloc
                0x0000000000404490                __udivdi3@@GLIBC_2.0
                0x00000000004044a0                readdir64
                0x00000000004044b0                strtok
                0x00000000004044c0                memcmp
                0x00000000004044d0                listen
                0x00000000004044e0                crypt
                0x00000000004044f0                fdopen
                0x0000000000404500                fork
                0x0000000000404510                sscanf
                0x0000000000404520                execv
                0x0000000000404530                setmntent
                0x0000000000404540                __truncdfsf2@@GCC_3.0
                0x0000000000404550                lstat64
                0x0000000000404560                execlp
                0x0000000000404570                sigaction
                0x0000000000404580                endmntent
                0x0000000000404590                __res_init
                0x00000000004045a0                killpg
                0x00000000004045b0                fread
                0x00000000004045c0                ttyname_r
                0x00000000004045d0                strdup
                0x00000000004045e0                inet_aton
                0x00000000004045f0                strtoull
                0x0000000000404600                regcomp
                0x0000000000404610                symlink
                0x0000000000404620                gettimeofday
                0x0000000000404630                getopt
                0x0000000000404640                localtime
                0x0000000000404650                memset
                0x0000000000404660                fnmatch
                0x0000000000404670                cfmakeraw
                0x0000000000404680                __muldf3@@GCC_3.0
                0x0000000000404690                getsid
                0x00000000004046a0                srand
                0x00000000004046b0                __ltdf2@@GCC_3.0
                0x00000000004046c0                clearerr
                0x00000000004046d0                mallopt
                0x00000000004046e0                fclose
                0x00000000004046f0                grantpt
                0x0000000000404700                open64
                0x0000000000404710                inet_ntoa
                0x0000000000404720                getppid
                0x0000000000404730                tcgetattr
                0x0000000000404740                getservbyport
                0x0000000000404750                regexec
                0x0000000000404760                time
                0x0000000000404770                opendir
                0x0000000000404780                getgroups
                0x0000000000404790                poll
                0x00000000004047a0                getgrouplist
                0x00000000004047b0                syslog
                0x00000000004047c0                seteuid
                0x00000000004047d0                exp
                0x00000000004047e0                mount
                0x00000000004047f0                strcmp
                0x0000000000404800                shutdown
                0x0000000000404810                getpwuid
                0x0000000000404820                dup
                0x0000000000404830                getcwd
                0x0000000000404840                __ledf2@@GCC_3.0
                0x0000000000404850                __ashrdi3@@GCC_3.0
                0x0000000000404860                __res_state
                0x0000000000404870                gethostbyname
                0x0000000000404880                strsignal
                0x0000000000404890                getpwnam
                0x00000000004048a0                getservbyname
                0x00000000004048b0                sprintf
                0x00000000004048c0                strcspn
                0x00000000004048d0                regerror
                0x00000000004048e0                umount
                0x00000000004048f0                mmap64
                0x0000000000404900                vfork
                0x0000000000404910                srandom
                0x0000000000404920                strsep
                0x0000000000404930                __fixdfsi@@GCC_3.0
                0x0000000000404940                fsync
                0x0000000000404950                __bswapsi2@@GCC_4.3.0
                0x0000000000404960                __adddf3@@GCC_3.0
                0x0000000000404970                localtime_r
                0x0000000000404980                getaddrinfo
                0x0000000000404990                __moddi3@@GLIBC_2.0
                0x00000000004049a0                strftime
                0x00000000004049b0                mkdtemp
                0x00000000004049c0                getmntent
                0x00000000004049d0                fwrite
                0x00000000004049e0                access
                0x00000000004049f0                __extendsfdf2@@GCC_3.0
                0x0000000000404a00                strptime
                0x0000000000404a10                __floatdidf@@GCC_3.0
                0x0000000000404a20                tcgetpgrp
                0x0000000000404a30                __errno_location
                0x0000000000404a40                link
                0x0000000000404a50                exit
                0x0000000000404a60                __fixunsdfsi@@GCC_3.0
                0x0000000000404a70                ether_ntoa
                0x0000000000404a80                stime
                0x0000000000404a90                klogctl
                0x0000000000404aa0                setbuf
                0x0000000000404ab0                inet_ntop
                0x0000000000404ac0                getgrnam
                0x0000000000404ad0                atoi
                0x0000000000404ae0                fileno
                0x0000000000404af0                _setjmp
                0x0000000000404b00                fgets_unlocked
                0x0000000000404b10                getline
                0x0000000000404b20                _exit
                0x0000000000404b30                strverscmp
                0x0000000000404b40                strspn
                0x0000000000404b50                __nedf2@@GCC_3.0
                0x0000000000404b60                strlen
                0x0000000000404b70                lseek64
                0x0000000000404b80                ptsname_r
                0x0000000000404b90                regfree
                0x0000000000404ba0                strchr
                0x0000000000404bb0                fputs
                0x0000000000404bc0                adjtimex
                0x0000000000404bd0                execvp
                0x0000000000404be0                setsid
                0x0000000000404bf0                setegid
                0x0000000000404c00                closedir
                0x0000000000404c10                vasprintf
                0x0000000000404c20                recvmsg
                0x0000000000404c30                strchrnul
                0x0000000000404c40                tzset
                0x0000000000404c50                setuid
                0x0000000000404c60                gethostid
                0x0000000000404c70                fseeko64
                0x0000000000404c80                tcsetattr
                0x0000000000404c90                mkdir
                0x0000000000404ca0                close
                0x0000000000404cb0                vfprintf
                0x0000000000404cc0                strpbrk
                0x0000000000404cd0                tcsetpgrp
                0x0000000000404ce0                raise
                0x0000000000404cf0                free
                0x0000000000404d00                sigprocmask
                0x0000000000404d10                __fputc_unlocked
                0x0000000000404d20                getsockname
                0x0000000000404d30                fopen64
                0x0000000000404d40                ftruncate64

.iplt
 *(SORT(.iplt))

.text           0x0000000000404d60    0x56a9c
                0x0000000000404d60                _ftext = .
 *(SORT(.text.unlikely) SORT(.text.*_unlikely))
 *(SORT(.text.exit) SORT(.text.exit.*))
 *(SORT(.text.startup) SORT(.text.startup.*))
 *(SORT(.text.hot) SORT(.text.hot.*))
 *(SORT(.text) SORT(.stub) SORT(.text.*) SORT(.gnu.linkonce.t.*))
 .text          0x0000000000404d60       0x60 /home/svm/openwrt_rtk/rtk_openwrt_sdk/staging_dir/rsdk-4.6.4-5281-EB-3.10-0.9.33-m32ub-20141001/bin/../lib/gcc/mips-linux-uclibc/4.6.4/../../../../mips-linux-uclibc/lib/crt1.o
                0x0000000000404d60                __start
 .text          0x0000000000404dc0      0x120 /home/svm/openwrt_rtk/rtk_openwrt_sdk/staging_dir/rsdk-4.6.4-5281-EB-3.10-0.9.33-m32ub-20141001/bin/../lib/gcc/mips-linux-uclibc/4.6.4/crtbegin.o
 .text.stub.1   0x0000000000404ee0       0x10 linker stubs
                0x0000000000404ee8                .pic.atexit
 .text          0x0000000000404ef0       0x30 /home/svm/openwrt_rtk/rtk_openwrt_sdk/staging_dir/rsdk-4.6.4-5281-EB-3.10-0.9.33-m32ub-20141001/bin/../lib/gcc/mips-linux-uclibc/4.6.4/../../../../mips-linux-uclibc/lib/uclibc_nonshared.a(atexit.os)
                0x0000000000404ef0                atexit
 .text          0x0000000000404f20       0x50 /home/svm/openwrt_rtk/rtk_openwrt_sdk/staging_dir/rsdk-4.6.4-5281-EB-3.10-0.9.33-m32ub-20141001/bin/../lib/gcc/mips-linux-uclibc/4.6.4/crtend.o
 .text.applet_name_compare
                0x0000000000404f70       0x30 libbb/lib.a(appletlib.o)
 .text.find_applet_by_name
                0x0000000000404fa0       0x34 libbb/lib.a(appletlib.o)
                0x0000000000404fa0                find_applet_by_name
 .text.bb_show_usage
                0x0000000000404fd4      0x104 libbb/lib.a(appletlib.o)
                0x0000000000404fd4                bb_show_usage
 .text.lbb_prepare
                0x00000000004050d8       0x34 libbb/lib.a(appletlib.o)
                0x00000000004050d8                lbb_prepare
 .text.run_applet_no_and_exit
                0x000000000040510c      0x13c libbb/lib.a(appletlib.o)
                0x000000000040510c                run_applet_no_and_exit
 .text.run_applet_and_exit
                0x0000000000405248      0x268 libbb/lib.a(appletlib.o)
                0x0000000000405248                run_applet_and_exit
 .text.main     0x00000000004054b0       0xa0 libbb/lib.a(appletlib.o)
                0x00000000004054b0                main
 .text.bb_basename
                0x0000000000405550       0x34 libbb/lib.a(get_last_path_component.o)
                0x0000000000405550                bb_basename
 .text.bb_get_last_path_component_nostrip
                0x0000000000405584       0x4c libbb/lib.a(get_last_path_component.o)
                0x0000000000405584                bb_get_last_path_component_nostrip
 .text.bb_get_last_path_component_strip
                0x00000000004055d0       0x58 libbb/lib.a(get_last_path_component.o)
                0x00000000004055d0                bb_get_last_path_component_strip
 .text.last_char_is
                0x0000000000405628       0x64 libbb/lib.a(last_char_is.o)
                0x0000000000405628                last_char_is
 .text.bb_verror_msg
                0x000000000040568c      0x20c libbb/lib.a(verror_msg.o)
                0x000000000040568c                bb_verror_msg
 .text.bb_error_msg_and_die
                0x0000000000405898       0x2c libbb/lib.a(verror_msg.o)
                0x0000000000405898                bb_error_msg_and_die
 .text.bb_error_msg
                0x00000000004058c4       0x30 libbb/lib.a(verror_msg.o)
                0x00000000004058c4                bb_error_msg
 .text.xfunc_die
                0x00000000004058f4       0x4c libbb/lib.a(xfunc_die.o)
                0x00000000004058f4                xfunc_die
 .text.wh_helper
                0x0000000000405940       0x70 libbb/lib.a(xfuncs.o)
 .text.ndelay_on
                0x00000000004059b0       0x4c libbb/lib.a(xfuncs.o)
                0x00000000004059b0                ndelay_on
 .text.ndelay_off
                0x00000000004059fc       0x50 libbb/lib.a(xfuncs.o)
                0x00000000004059fc                ndelay_off
 .text.close_on_exec_on
                0x0000000000405a4c       0x10 libbb/lib.a(xfuncs.o)
                0x0000000000405a4c                close_on_exec_on
 .text.strncpy_IFNAMSIZ
                0x0000000000405a5c        0xc libbb/lib.a(xfuncs.o)
                0x0000000000405a5c                strncpy_IFNAMSIZ
 .text.utoa_to_buf
                0x0000000000405a68       0x88 libbb/lib.a(xfuncs.o)
                0x0000000000405a68                utoa_to_buf
 .text.itoa_to_buf
                0x0000000000405af0       0x34 libbb/lib.a(xfuncs.o)
                0x0000000000405af0                itoa_to_buf
 .text.utoa     0x0000000000405b24       0x34 libbb/lib.a(xfuncs.o)
                0x0000000000405b24                utoa
 .text.itoa     0x0000000000405b58       0x34 libbb/lib.a(xfuncs.o)
                0x0000000000405b58                itoa
 .text.bin2hex  0x0000000000405b8c       0x60 libbb/lib.a(xfuncs.o)
                0x0000000000405b8c                bin2hex
 .text.hex2bin  0x0000000000405bec      0x104 libbb/lib.a(xfuncs.o)
                0x0000000000405bec                hex2bin
 .text.bb_putchar_stderr
                0x0000000000405cf0       0x28 libbb/lib.a(xfuncs.o)
                0x0000000000405cf0                bb_putchar_stderr
 .text.full_write1_str
                0x0000000000405d18       0x30 libbb/lib.a(xfuncs.o)
                0x0000000000405d18                full_write1_str
 .text.full_write2_str
                0x0000000000405d48       0x30 libbb/lib.a(xfuncs.o)
                0x0000000000405d48                full_write2_str
 .text.get_terminal_width_height
                0x0000000000405d78       0x9c libbb/lib.a(xfuncs.o)
                0x0000000000405d78                get_terminal_width_height
 .text.tcsetattr_stdin_TCSANOW
                0x0000000000405e14       0x14 libbb/lib.a(xfuncs.o)
                0x0000000000405e14                tcsetattr_stdin_TCSANOW
 .text.safe_waitpid
                0x0000000000405e28       0x84 libbb/lib.a(xfuncs.o)
                0x0000000000405e28                safe_waitpid
 .text.wait_any_nohang
                0x0000000000405eac       0x14 libbb/lib.a(xfuncs.o)
                0x0000000000405eac                wait_any_nohang
 .text.wait4pid
                0x0000000000405ec0       0x6c libbb/lib.a(xfuncs.o)
                0x0000000000405ec0                wait4pid
 .text.malloc_or_warn
                0x0000000000405f2c       0x4c libbb/lib.a(xfuncs_printf.o)
                0x0000000000405f2c                malloc_or_warn
 .text.xmalloc  0x0000000000405f78       0x3c libbb/lib.a(xfuncs_printf.o)
                0x0000000000405f78                xmalloc
 .text.xrealloc
                0x0000000000405fb4       0x3c libbb/lib.a(xfuncs_printf.o)
                0x0000000000405fb4                xrealloc
 .text.xzalloc  0x0000000000405ff0       0x44 libbb/lib.a(xfuncs_printf.o)
                0x0000000000405ff0                xzalloc
 .text.xstrdup  0x0000000000406034       0x34 libbb/lib.a(xfuncs_printf.o)
                0x0000000000406034                xstrdup
 .text.xstrndup
                0x0000000000406068       0x6c libbb/lib.a(xfuncs_printf.o)
                0x0000000000406068                xstrndup
 .text.xfopen   0x00000000004060d4       0x38 libbb/lib.a(xfuncs_printf.o)
                0x00000000004060d4                xfopen
 .text.xopen3   0x000000000040610c       0x38 libbb/lib.a(xfuncs_printf.o)
                0x000000000040610c                xopen3
 .text.xopen    0x0000000000406144        0xc libbb/lib.a(xfuncs_printf.o)
                0x0000000000406144                xopen
 .text.open3_or_warn
                0x0000000000406150       0x48 libbb/lib.a(xfuncs_printf.o)
                0x0000000000406150                open3_or_warn
 .text.open_or_warn
                0x0000000000406198        0xc libbb/lib.a(xfuncs_printf.o)
                0x0000000000406198                open_or_warn
 .text.xunlink  0x00000000004061a4       0x38 libbb/lib.a(xfuncs_printf.o)
                0x00000000004061a4                xunlink
 .text.xrename  0x00000000004061dc       0x48 libbb/lib.a(xfuncs_printf.o)
                0x00000000004061dc                xrename
 .text.xpipe    0x0000000000406224       0x2c libbb/lib.a(xfuncs_printf.o)
                0x0000000000406224                xpipe
 .text.xdup2    0x0000000000406250       0x34 libbb/lib.a(xfuncs_printf.o)
                0x0000000000406250                xdup2
 .text.xmove_fd
                0x0000000000406284       0x40 libbb/lib.a(xfuncs_printf.o)
                0x0000000000406284                xmove_fd
 .text.xwrite   0x00000000004062c4       0x3c libbb/lib.a(xfuncs_printf.o)
                0x00000000004062c4                xwrite
 .text.xwrite_str
                0x0000000000406300       0x40 libbb/lib.a(xfuncs_printf.o)
                0x0000000000406300                xwrite_str
 .text.xclose   0x0000000000406340       0x2c libbb/lib.a(xfuncs_printf.o)
                0x0000000000406340                xclose
 .text.xlseek   0x000000000040636c       0x78 libbb/lib.a(xfuncs_printf.o)
                0x000000000040636c                xlseek
 .text.xmkstemp
                0x00000000004063e4       0x38 libbb/lib.a(xfuncs_printf.o)
                0x00000000004063e4                xmkstemp
 .text.die_if_ferror
                0x000000000040641c       0x38 libbb/lib.a(xfuncs_printf.o)
                0x000000000040641c                die_if_ferror
 .text.die_if_ferror_stdout
                0x0000000000406454       0x18 libbb/lib.a(xfuncs_printf.o)
                0x0000000000406454                die_if_ferror_stdout
 .text.fflush_all
                0x000000000040646c        0xc libbb/lib.a(xfuncs_printf.o)
                0x000000000040646c                fflush_all
 .text.bb_putchar
                0x0000000000406478       0x34 libbb/lib.a(xfuncs_printf.o)
                0x0000000000406478                bb_putchar
 .text.xasprintf
                0x00000000004064ac       0x48 libbb/lib.a(xfuncs_printf.o)
                0x00000000004064ac                xasprintf
 .text.xsetenv  0x00000000004064f4       0x2c libbb/lib.a(xfuncs_printf.o)
                0x00000000004064f4                xsetenv
 .text.bb_unsetenv
                0x0000000000406520       0x58 libbb/lib.a(xfuncs_printf.o)
                0x0000000000406520                bb_unsetenv
 .text.bb_unsetenv_and_free
                0x0000000000406578       0x28 libbb/lib.a(xfuncs_printf.o)
                0x0000000000406578                bb_unsetenv_and_free
 .text.xsetgid  0x00000000004065a0       0x2c libbb/lib.a(xfuncs_printf.o)
                0x00000000004065a0                xsetgid
 .text.xsetuid  0x00000000004065cc       0x2c libbb/lib.a(xfuncs_printf.o)
                0x00000000004065cc                xsetuid
 .text.xsetegid
                0x00000000004065f8       0x2c libbb/lib.a(xfuncs_printf.o)
                0x00000000004065f8                xsetegid
 .text.xseteuid
                0x0000000000406624       0x2c libbb/lib.a(xfuncs_printf.o)
                0x0000000000406624                xseteuid
 .text.xopen_as_uid_gid
                0x0000000000406650       0x98 libbb/lib.a(xfuncs_printf.o)
                0x0000000000406650                xopen_as_uid_gid
 .text.xchdir   0x00000000004066e8       0x38 libbb/lib.a(xfuncs_printf.o)
                0x00000000004066e8                xchdir
 .text.xchroot  0x0000000000406720       0x40 libbb/lib.a(xfuncs_printf.o)
                0x0000000000406720                xchroot
 .text.warn_opendir
                0x0000000000406760       0x48 libbb/lib.a(xfuncs_printf.o)
                0x0000000000406760                warn_opendir
 .text.xopendir
                0x00000000004067a8       0x38 libbb/lib.a(xfuncs_printf.o)
                0x00000000004067a8                xopendir
 .text.xsocket  0x00000000004067e0       0x9c libbb/lib.a(xfuncs_printf.o)
                0x00000000004067e0                xsocket
 .text.xbind    0x000000000040687c       0x2c libbb/lib.a(xfuncs_printf.o)
                0x000000000040687c                xbind
 .text.xlisten  0x00000000004068a8       0x2c libbb/lib.a(xfuncs_printf.o)
                0x00000000004068a8                xlisten
 .text.xsendto  0x00000000004068d4       0x38 libbb/lib.a(xfuncs_printf.o)
                0x00000000004068d4                xsendto
 .text.xstat    0x000000000040690c       0x38 libbb/lib.a(xfuncs_printf.o)
                0x000000000040690c                xstat
 .text.xfstat   0x0000000000406944       0x34 libbb/lib.a(xfuncs_printf.o)
                0x0000000000406944                xfstat
 .text.ioctl_or_perror_and_die
                0x0000000000406978       0x64 libbb/lib.a(xfuncs_printf.o)
                0x0000000000406978                ioctl_or_perror_and_die
 .text.ioctl_or_perror
                0x00000000004069dc       0x6c libbb/lib.a(xfuncs_printf.o)
                0x00000000004069dc                ioctl_or_perror
 .text.bb_ioctl_or_warn
                0x0000000000406a48       0x40 libbb/lib.a(xfuncs_printf.o)
                0x0000000000406a48                bb_ioctl_or_warn
 .text.bb_xioctl
                0x0000000000406a88       0x34 libbb/lib.a(xfuncs_printf.o)
                0x0000000000406a88                bb_xioctl
 .text.xmalloc_ttyname
                0x0000000000406abc       0x38 libbb/lib.a(xfuncs_printf.o)
                0x0000000000406abc                xmalloc_ttyname
 .text.xfork    0x0000000000406af4       0x2c libbb/lib.a(xfuncs_printf.o)
                0x0000000000406af4                xfork
 .text.bb_full_fd_action
                0x0000000000406b20      0x180 libbb/lib.a(copyfd.o)
 .text.bb_copyfd_size
                0x0000000000406ca0       0x20 libbb/lib.a(copyfd.o)
                0x0000000000406ca0                bb_copyfd_size
 .text.bb_copyfd_exact_size
                0x0000000000406cc0       0x80 libbb/lib.a(copyfd.o)
                0x0000000000406cc0                bb_copyfd_exact_size
 .text.bb_copyfd_eof
                0x0000000000406d40       0x10 libbb/lib.a(copyfd.o)
                0x0000000000406d40                bb_copyfd_eof
 .text.full_write
                0x0000000000406d50       0x78 libbb/lib.a(full_write.o)
                0x0000000000406d50                full_write
 .text.bb_perror_msg
                0x0000000000406dc8       0x68 libbb/lib.a(perror_msg.o)
                0x0000000000406dc8                bb_perror_msg
 .text.bb_perror_msg_and_die
                0x0000000000406e30       0x5c libbb/lib.a(perror_msg.o)
                0x0000000000406e30                bb_perror_msg_and_die
 .text.bb_simple_perror_msg
                0x0000000000406e8c       0x14 libbb/lib.a(perror_msg.o)
                0x0000000000406e8c                bb_simple_perror_msg
 .text.bb_simple_perror_msg_and_die
                0x0000000000406ea0       0x18 libbb/lib.a(perror_msg.o)
                0x0000000000406ea0                bb_simple_perror_msg_and_die
 .text.safe_read
                0x0000000000406eb8       0x78 libbb/lib.a(read.o)
                0x0000000000406eb8                safe_read
 .text.full_read
                0x0000000000406f30       0x80 libbb/lib.a(read.o)
                0x0000000000406f30                full_read
 .text.read_close
                0x0000000000406fb0       0x3c libbb/lib.a(read.o)
                0x0000000000406fb0                read_close
 .text.open_read_close
                0x0000000000406fec       0x58 libbb/lib.a(read.o)
                0x0000000000406fec                open_read_close
 .text.safe_write
                0x0000000000407044       0x78 libbb/lib.a(safe_write.o)
                0x0000000000407044                safe_write
 .text.strftime_fmt
                0x00000000004070bc       0x6c libbb/lib.a(time.o)
 .text.parse_datestr
                0x0000000000407128      0x4f8 libbb/lib.a(time.o)
                0x0000000000407128                parse_datestr
 .text.validate_tm_time
                0x0000000000407620       0x40 libbb/lib.a(time.o)
                0x0000000000407620                validate_tm_time
 .text.strftime_HHMMSS
                0x0000000000407660       0x10 libbb/lib.a(time.o)
                0x0000000000407660                strftime_HHMMSS
 .text.strftime_YYYYMMDDHHMMSS
                0x0000000000407670       0x10 libbb/lib.a(time.o)
                0x0000000000407670                strftime_YYYYMMDDHHMMSS
 .text.monotonic_us
                0x0000000000407680       0x50 libbb/lib.a(time.o)
                0x0000000000407680                monotonic_us
 .text.monotonic_ms
                0x00000000004076d0       0x5c libbb/lib.a(time.o)
                0x00000000004076d0                monotonic_ms
 .text.monotonic_sec
                0x000000000040772c        0xc libbb/lib.a(time.o)
                0x000000000040772c                monotonic_sec
 .text.ret_ERANGE
                0x0000000000407738       0x1c libbb/lib.a(bb_strtonum.o)
 .text.handle_errors.isra.0
                0x0000000000407754       0x60 libbb/lib.a(bb_strtonum.o)
 .text.bb_strtoull
                0x00000000004077b4       0x88 libbb/lib.a(bb_strtonum.o)
                0x00000000004077b4                bb_strtoull
 .text.bb_strtoll
                0x000000000040783c       0x98 libbb/lib.a(bb_strtonum.o)
                0x000000000040783c                bb_strtoll
 .text.bb_strtoul
                0x00000000004078d4       0x8c libbb/lib.a(bb_strtonum.o)
                0x00000000004078d4                bb_strtoul
 .text.bb_strtol
                0x0000000000407960       0x9c libbb/lib.a(bb_strtonum.o)
                0x0000000000407960                bb_strtol
 .text.passwd_main
                0x00000000004079fc      0x4c0 loginutils/lib.a(passwd.o)
                0x00000000004079fc                passwd_main
 .text.delete_cronfile
                0x0000000000407ebc       0xf8 miscutils/lib.a(crond.o)
 .text.crondlog
                0x0000000000407fb4       0xf4 miscutils/lib.a(crond.o)
 .text.ParseField
                0x00000000004080a8      0x230 miscutils/lib.a(crond.o)
 .text.load_crontab
                0x00000000004082d8      0x2f8 miscutils/lib.a(crond.o)
 .text.rescan_crontab_dir
                0x00000000004085d0       0xfc miscutils/lib.a(crond.o)
 .text.safe_setenv
                0x00000000004086cc       0x64 miscutils/lib.a(crond.o)
 .text.start_one_job
                0x0000000000408730      0x150 miscutils/lib.a(crond.o)
 .text.crond_main
                0x0000000000408880      0x490 miscutils/lib.a(crond.o)
                0x0000000000408880                crond_main
 .text.edit_file
                0x0000000000408d10       0xe0 miscutils/lib.a(crontab.o)
 .text.crontab_main
                0x0000000000408df0      0x338 miscutils/lib.a(crontab.o)
                0x0000000000408df0                crontab_main
 .text.devmem_main
                0x0000000000409128      0x2bc miscutils/lib.a(devmem.o)
                0x0000000000409128                devmem_main
 .text.clear_line
                0x00000000004093e4       0x20 miscutils/lib.a(less.o)
 .text.print_statusline
                0x0000000000409404       0x40 miscutils/lib.a(less.o)
 .text.read_lines
                0x0000000000409444      0x354 miscutils/lib.a(less.o)
 .text.move_cursor
                0x0000000000409798       0x1c miscutils/lib.a(less.o)
 .text.print_hilite
                0x00000000004097b4       0x14 miscutils/lib.a(less.o)
 .text.print_ascii
                0x00000000004097c8      0x1e4 miscutils/lib.a(less.o)
 .text.status_print
                0x00000000004099ac       0xbc miscutils/lib.a(less.o)
 .text.buffer_print
                0x0000000000409a68       0x68 miscutils/lib.a(less.o)
 .text.buffer_fill_and_print
                0x0000000000409ad0       0x8c miscutils/lib.a(less.o)
 .text.reinitialize
                0x0000000000409b5c       0xd0 miscutils/lib.a(less.o)
 .text.change_file
                0x0000000000409c2c       0x9c miscutils/lib.a(less.o)
 .text.buffer_down
                0x0000000000409cc8       0x90 miscutils/lib.a(less.o)
 .text.buffer_up
                0x0000000000409d58       0x34 miscutils/lib.a(less.o)
 .text.buffer_line
                0x0000000000409d8c       0x6c miscutils/lib.a(less.o)
 .text.set_tty_cooked
                0x0000000000409df8       0x30 miscutils/lib.a(less.o)
 .text.less_exit
                0x0000000000409e28       0x34 miscutils/lib.a(less.o)
 .text.getch_nowait
                0x0000000000409e5c      0x14c miscutils/lib.a(less.o)
 .text.less_getch
                0x0000000000409fa8       0x78 miscutils/lib.a(less.o)
 .text.less_gets
                0x000000000040a020      0x11c miscutils/lib.a(less.o)
 .text.sig_catcher
                0x000000000040a13c       0x10 miscutils/lib.a(less.o)
 .text.examine_file
                0x000000000040a14c       0xb4 miscutils/lib.a(less.o)
 .text.less_main
                0x000000000040a200      0x8c0 miscutils/lib.a(less.o)
                0x000000000040a200                less_main
 .text.exit_unlock
                0x000000000040aac0       0x20 miscutils/lib.a(lock.o)
 .text.lock_main
                0x000000000040aae0      0x2d4 miscutils/lib.a(lock.o)
                0x000000000040aae0                lock_main
 .text.strings_main
                0x000000000040adb4      0x228 miscutils/lib.a(strings.o)
                0x000000000040adb4                strings_main
 .text.ptok     0x000000000040afdc       0x40 miscutils/lib.a(time.o)
 .text.run_command
                0x000000000040b01c      0x130 miscutils/lib.a(time.o)
 .text.time_main
                0x000000000040b14c      0x648 miscutils/lib.a(time.o)
                0x000000000040b14c                time_main
 .text.finish   0x000000000040b794       0xd4 networking/lib.a(arping.o)
 .text.catcher  0x000000000040b868      0x21c networking/lib.a(arping.o)
 .text.arping_main
                0x000000000040ba84      0x8ec networking/lib.a(arping.o)
                0x000000000040ba84                arping_main
 .text.arm_ioctl
                0x000000000040c370       0x14 networking/lib.a(brctl.o)
 .text.brctl_main
                0x000000000040c384      0x5c4 networking/lib.a(brctl.o)
                0x000000000040c384                brctl_main
 .text.ifconfig_main
                0x000000000040c948      0x4fc networking/lib.a(ifconfig.o)
                0x000000000040c948                ifconfig_main
 .text.get_afntype
                0x000000000040ce44       0x2c networking/lib.a(interface.o)
 .text.add_interface
                0x000000000040ce70       0xb8 networking/lib.a(interface.o)
 .text.if_readconf
                0x000000000040cf28       0xfc networking/lib.a(interface.o)
 .text.if_readlist_proc
                0x000000000040d024      0x2d0 networking/lib.a(interface.o)
 .text.do_if_fetch
                0x000000000040d2f4      0x318 networking/lib.a(interface.o)
 .text.print_bytes_scaled
                0x000000000040d60c       0x98 networking/lib.a(interface.o)
 .text.UNSPEC_print
                0x000000000040d6a4       0x9c networking/lib.a(interface.o)
 .text.UNSPEC_sprint
                0x000000000040d740       0x30 networking/lib.a(interface.o)
 .text.INET6_input
                0x000000000040d770        0x8 networking/lib.a(interface.o)
 .text.INET6_sprint
                0x000000000040d778       0x74 networking/lib.a(interface.o)
 .text.INET_input
                0x000000000040d7ec        0xc networking/lib.a(interface.o)
 .text.INET_sprint
                0x000000000040d7f8       0x78 networking/lib.a(interface.o)
 .text.ether_print
                0x000000000040d870       0x6c networking/lib.a(interface.o)
 .text.get_hwntype
                0x000000000040d8dc       0x30 networking/lib.a(interface.o)
                0x000000000040d8dc                get_hwntype
 .text.ife_print
                0x000000000040d90c      0x670 networking/lib.a(interface.o)
 .text.display_interfaces
                0x000000000040df7c       0xf8 networking/lib.a(interface.o)
                0x000000000040df7c                display_interfaces
 .text.nc_main  0x000000000040e074      0x180 networking/lib.a(nc.o)
                0x000000000040e074                nc_main
 .text.netmsg_main
                0x000000000040e1f4      0x160 networking/lib.a(netmsg.o)
                0x000000000040e1f4                netmsg_main
 .text.prg_cache_get
                0x000000000040e354       0x60 networking/lib.a(netstat.o)
 .text.dir_act  0x000000000040e3b4       0xec networking/lib.a(netstat.o)
 .text.add_to_prg_cache_if_socket
                0x000000000040e4a0      0x134 networking/lib.a(netstat.o)
 .text.do_info  0x000000000040e5d4       0xe8 networking/lib.a(netstat.o)
 .text.build_ipv4_addr
                0x000000000040e6bc       0x38 networking/lib.a(netstat.o)
 .text.unix_do_one
                0x000000000040e6f4      0x2d0 networking/lib.a(netstat.o)
 .text.build_ipv6_addr
                0x000000000040e9c4       0x70 networking/lib.a(netstat.o)
 .text.scan_inet_proc_line
                0x000000000040ea34       0xd0 networking/lib.a(netstat.o)
 .text.ip_port_str
                0x000000000040eb04       0xc8 networking/lib.a(netstat.o)
 .text.print_inet_line
                0x000000000040ebcc      0x144 networking/lib.a(netstat.o)
 .text.raw_do_one
                0x000000000040ed10       0x9c networking/lib.a(netstat.o)
 .text.udp_do_one
                0x000000000040edac       0xd0 networking/lib.a(netstat.o)
 .text.tcp_do_one
                0x000000000040ee7c       0x78 networking/lib.a(netstat.o)
 .text.netstat_main
                0x000000000040eef4      0x318 networking/lib.a(netstat.o)
                0x000000000040eef4                netstat_main
 .text.set_default_dns
                0x000000000040f20c       0x84 networking/lib.a(nslookup.o)
 .text.print_host
                0x000000000040f290      0x13c networking/lib.a(nslookup.o)
 .text.nslookup_main
                0x000000000040f3cc       0xa8 networking/lib.a(nslookup.o)
                0x000000000040f3cc                nslookup_main
 .text.my_SQRT  0x000000000040f474       0xe8 networking/lib.a(ntpd.o)
 .text.lfp_to_d
                0x000000000040f55c       0x80 networking/lib.a(ntpd.o)
 .text.sfp_to_d
                0x000000000040f5dc       0x80 networking/lib.a(ntpd.o)
 .text.d_to_lfp
                0x000000000040f65c       0x90 networking/lib.a(ntpd.o)
 .text.d_to_sfp
                0x000000000040f6ec       0x90 networking/lib.a(ntpd.o)
 .text.set_next
                0x000000000040f77c       0x54 networking/lib.a(ntpd.o)
 .text.filter_datapoints
                0x000000000040f7d0      0x274 networking/lib.a(ntpd.o)
 .text.reset_peer_stats
                0x000000000040fa44      0x15c networking/lib.a(ntpd.o)
 .text.compare_point_edge
                0x000000000040fba0       0x7c networking/lib.a(ntpd.o)
 .text.compare_survivor_metric
                0x000000000040fc1c       0x7c networking/lib.a(ntpd.o)
 .text.poll_interval
                0x000000000040fc98       0x5c networking/lib.a(ntpd.o)
 .text.do_sendto
                0x000000000040fcf4       0x84 networking/lib.a(ntpd.o)
 .text.gettime1900d
                0x000000000040fd78       0xac networking/lib.a(ntpd.o)
 .text.ntp_init
                0x000000000040fe24      0x258 networking/lib.a(ntpd.o)
 .text.recv_and_process_client_pkt
                0x000000000041007c      0x228 networking/lib.a(ntpd.o)
 .text.step_time
                0x00000000004102a4      0x258 networking/lib.a(ntpd.o)
 .text.run_script
                0x00000000004104fc      0x1ac networking/lib.a(ntpd.o)
 .text.select_and_cluster
                0x00000000004106a8      0x8b4 networking/lib.a(ntpd.o)
 .text.set_new_values.constprop.1
                0x0000000000410f5c       0x24 networking/lib.a(ntpd.o)
 .text.update_local_clock
                0x0000000000410f80      0x55c networking/lib.a(ntpd.o)
 .text.recv_and_process_peer_pkt
                0x00000000004114dc      0x674 networking/lib.a(ntpd.o)
 .text.ntpd_main
                0x0000000000411b50      0x5dc networking/lib.a(ntpd.o)
                0x0000000000411b50                ntpd_main
 .text.unpack_tail
                0x000000000041212c      0x1dc networking/lib.a(ping.o)
 .text.print_stats_and_exit
                0x0000000000412308      0x174 networking/lib.a(ping.o)
 .text.sendping_tail.constprop.0
                0x000000000041247c      0x18c networking/lib.a(ping.o)
 .text.sendping4
                0x0000000000412608       0x88 networking/lib.a(ping.o)
 .text.sendping6
                0x0000000000412690       0x64 networking/lib.a(ping.o)
 .text.common_ping_main
                0x00000000004126f4      0x954 networking/lib.a(ping.o)
 .text.ping_main
                0x0000000000413048       0x10 networking/lib.a(ping.o)
                0x0000000000413048                ping_main
 .text.ping6_main
                0x0000000000413058       0x10 networking/lib.a(ping.o)
                0x0000000000413058                ping6_main
 .text.set_flags
                0x0000000000413068       0x4c networking/lib.a(route.o)
 .text.kw_lookup
                0x00000000004130b4       0xb4 networking/lib.a(route.o)
 .text.INET6_displayroutes
                0x0000000000413168      0x248 networking/lib.a(route.o)
 .text.INET6_setroute
                0x00000000004133b0      0x2a8 networking/lib.a(route.o)
 .text.INET_setroute
                0x0000000000413658      0x41c networking/lib.a(route.o)
 .text.bb_displayroutes
                0x0000000000413a74      0x250 networking/lib.a(route.o)
                0x0000000000413a74                bb_displayroutes
 .text.route_main
                0x0000000000413cc4      0x198 networking/lib.a(route.o)
                0x0000000000413cc4                route_main
 .text.put_iac  0x0000000000413e5c       0x28 networking/lib.a(telnet.o)
 .text.iac_flush
                0x0000000000413e84       0x4c networking/lib.a(telnet.o)
 .text.put_iac2
                0x0000000000413ed0       0x60 networking/lib.a(telnet.o)
 .text.rawmode  0x0000000000413f30       0x30 networking/lib.a(telnet.o)
 .text.cookmode
                0x0000000000413f60       0x30 networking/lib.a(telnet.o)
 .text.setConMode
                0x0000000000413f90       0x8c networking/lib.a(telnet.o)
 .text.doexit   0x000000000041401c       0x1c networking/lib.a(telnet.o)
 .text.con_escape
                0x0000000000414038      0x174 networking/lib.a(telnet.o)
 .text.handle_net_output
                0x00000000004141ac       0xb4 networking/lib.a(telnet.o)
 .text.telnet_main
                0x0000000000414260      0x620 networking/lib.a(telnet.o)
                0x0000000000414260                telnet_main
 .text.make_new_session
                0x0000000000414880      0x230 networking/lib.a(telnetd.o)
 .text.free_session
                0x0000000000414ab0      0x10c networking/lib.a(telnetd.o)
 .text.handle_sigchld
                0x0000000000414bbc       0x94 networking/lib.a(telnetd.o)
 .text.telnetd_main
                0x0000000000414c50      0x8b4 networking/lib.a(telnetd.o)
                0x0000000000414c50                telnetd_main
 .text.traceroute_main
                0x0000000000415504      0xb58 networking/lib.a(traceroute.o)
                0x0000000000415504                traceroute_main
 .text.xfind_str
                0x000000000041605c       0x58 networking/lib.a(vconfig.o)
 .text.vconfig_main
                0x00000000004160b4      0x130 networking/lib.a(vconfig.o)
                0x00000000004160b4                vconfig_main
 .text.sanitize_string
                0x00000000004161e4       0x28 networking/lib.a(wget.o)
 .text.open_socket
                0x000000000041620c       0x3c networking/lib.a(wget.o)
 .text.base64enc
                0x0000000000416248       0x5c networking/lib.a(wget.o)
 .text.fgets_and_trim
                0x00000000004162a4       0x78 networking/lib.a(wget.o)
 .text.reset_beg_range_to_zero
                0x000000000041631c       0x4c networking/lib.a(wget.o)
 .text.parse_url
                0x0000000000416368      0x1ec networking/lib.a(wget.o)
 .text.gethdr   0x0000000000416554      0x148 networking/lib.a(wget.o)
 .text.progress_meter
                0x000000000041669c       0xec networking/lib.a(wget.o)
 .text.retrieve_file_data
                0x0000000000416788      0x268 networking/lib.a(wget.o)
 .text.ftpcmd   0x00000000004169f0       0xa8 networking/lib.a(wget.o)
 .text.wget_main
                0x0000000000416a98      0xbdc networking/lib.a(wget.o)
                0x0000000000416a98                wget_main
 .text.alloc_dhcp_option
                0x0000000000417674       0x90 networking/udhcp/lib.a(dhcpc.o)
 .text.init_packet
                0x0000000000417704       0xd0 networking/udhcp/lib.a(dhcpc.o)
 .text.add_client_options
                0x00000000004177d4      0x178 networking/udhcp/lib.a(dhcpc.o)
 .text.raw_bcast_from_client_config_ifindex
                0x000000000041794c       0x48 networking/udhcp/lib.a(dhcpc.o)
 .text.send_discover
                0x0000000000417994       0x88 networking/udhcp/lib.a(dhcpc.o)
 .text.send_select
                0x0000000000417a1c       0x94 networking/udhcp/lib.a(dhcpc.o)
 .text.bcast_or_ucast
                0x0000000000417ab0       0x38 networking/udhcp/lib.a(dhcpc.o)
 .text.send_renew
                0x0000000000417ae8       0x70 networking/udhcp/lib.a(dhcpc.o)
 .text.send_release
                0x0000000000417b58       0x68 networking/udhcp/lib.a(dhcpc.o)
 .text.udhcp_recv_raw_packet
                0x0000000000417bc0      0x208 networking/udhcp/lib.a(dhcpc.o)
 .text.client_background
                0x0000000000417dc8       0x3c networking/udhcp/lib.a(dhcpc.o)
 .text.sprint_nip
                0x0000000000417e04       0x44 networking/udhcp/lib.a(dhcpc.o)
 .text.change_listen_mode
                0x0000000000417e48      0x10c networking/udhcp/lib.a(dhcpc.o)
 .text.xmalloc_optname_optval.isra.0
                0x0000000000417f54      0x4bc networking/udhcp/lib.a(dhcpc.o)
 .text.udhcp_run_script
                0x0000000000418410      0x3ec networking/udhcp/lib.a(dhcpc.o)
 .text.perform_release
                0x00000000004187fc       0xb4 networking/udhcp/lib.a(dhcpc.o)
 .text.udhcpc_main
                0x00000000004188b0      0xb90 networking/udhcp/lib.a(dhcpc.o)
                0x00000000004188b0                udhcpc_main
 .text.dname_dec
                0x0000000000419440      0x1ac networking/udhcp/lib.a(domain_codec.o)
                0x0000000000419440                dname_dec
 .text.dname_enc
                0x00000000004195ec      0x258 networking/udhcp/lib.a(domain_codec.o)
                0x00000000004195ec                dname_enc
 .text.udhcp_init_header
                0x0000000000419844       0x94 networking/udhcp/lib.a(packet.o)
                0x0000000000419844                udhcp_init_header
 .text.udhcp_recv_kernel_packet
                0x00000000004198d8       0x80 networking/udhcp/lib.a(packet.o)
                0x00000000004198d8                udhcp_recv_kernel_packet
 .text.udhcp_send_raw_packet
                0x0000000000419958      0x228 networking/udhcp/lib.a(packet.o)
                0x0000000000419958                udhcp_send_raw_packet
 .text.udhcp_send_kernel_packet
                0x0000000000419b80      0x160 networking/udhcp/lib.a(packet.o)
                0x0000000000419b80                udhcp_send_kernel_packet
 .text.signal_handler
                0x0000000000419ce0       0x44 networking/udhcp/lib.a(signalpipe.o)
 .text.udhcp_sp_setup
                0x0000000000419d24       0x5c networking/udhcp/lib.a(signalpipe.o)
                0x0000000000419d24                udhcp_sp_setup
 .text.udhcp_sp_fd_set
                0x0000000000419d80       0xb0 networking/udhcp/lib.a(signalpipe.o)
                0x0000000000419d80                udhcp_sp_fd_set
 .text.udhcp_sp_read
                0x0000000000419e30       0x60 networking/udhcp/lib.a(signalpipe.o)
                0x0000000000419e30                udhcp_sp_read
 .text.udhcp_read_interface
                0x0000000000419e90      0x12c networking/udhcp/lib.a(socket.o)
                0x0000000000419e90                udhcp_read_interface
 .text.udhcp_listen_socket
                0x0000000000419fbc       0xe0 networking/udhcp/lib.a(socket.o)
                0x0000000000419fbc                udhcp_listen_socket
 .text.udhcp_option_idx
                0x000000000041a09c       0x84 networking/udhcp/lib.a(common.o)
                0x000000000041a09c                udhcp_option_idx
 .text.udhcp_get_option
                0x000000000041a120       0xe0 networking/udhcp/lib.a(common.o)
                0x000000000041a120                udhcp_get_option
 .text.udhcp_end_option
                0x000000000041a200       0x3c networking/udhcp/lib.a(common.o)
                0x000000000041a200                udhcp_end_option
 .text.udhcp_add_binary_option
                0x000000000041a23c       0xa0 networking/udhcp/lib.a(common.o)
                0x000000000041a23c                udhcp_add_binary_option
 .text.udhcp_add_simple_option
                0x000000000041a2dc       0x98 networking/udhcp/lib.a(common.o)
                0x000000000041a2dc                udhcp_add_simple_option
 .text.udhcp_find_option
                0x000000000041a374       0x3c networking/udhcp/lib.a(common.o)
                0x000000000041a374                udhcp_find_option
 .text.attach_option
                0x000000000041a3b0      0x1f4 networking/udhcp/lib.a(common.o)
 .text.udhcp_str2nip
                0x000000000041a5a4       0x64 networking/udhcp/lib.a(common.o)
                0x000000000041a5a4                udhcp_str2nip
 .text.udhcp_str2optset
                0x000000000041a608      0x2e0 networking/udhcp/lib.a(common.o)
                0x000000000041a608                udhcp_str2optset
 .text.sprint_nip6
                0x000000000041a8e8       0x74 networking/udhcp/lib.a(common.o)
                0x000000000041a8e8                sprint_nip6
 .text.scale    0x000000000041a95c       0x30 procps/lib.a(free.o)
 .text.free_main
                0x000000000041a98c      0x1f8 procps/lib.a(free.o)
                0x000000000041a98c                free_main
 .text.kill_main
                0x000000000041ab84      0x3ac procps/lib.a(kill.o)
                0x000000000041ab84                kill_main
 .text.act.constprop.0
                0x000000000041af30       0x60 procps/lib.a(pgrep.o)
 .text.pgrep_main
                0x000000000041af90      0x2b4 procps/lib.a(pgrep.o)
                0x000000000041af90                pgrep_main
 .text.pidof_main
                0x000000000041b244       0xd0 procps/lib.a(pidof.o)
                0x000000000041b244                pidof_main
 .text.ps_main  0x000000000041b314      0x16c procps/lib.a(ps.o)
                0x000000000041b314                ps_main
 .text.sysctl_dots_to_slashes
                0x000000000041b480       0xb0 procps/lib.a(sysctl.o)
 .text.sysctl_act_recursive
                0x000000000041b530      0x378 procps/lib.a(sysctl.o)
 .text.sysctl_main
                0x000000000041b8a8      0x164 procps/lib.a(sysctl.o)
                0x000000000041b8a8                sysctl_main
 .text.mem_sort
                0x000000000041ba0c       0x24 procps/lib.a(top.o)
 .text.pcpu_sort
                0x000000000041ba30       0x10 procps/lib.a(top.o)
 .text.time_sort
                0x000000000041ba40       0x24 procps/lib.a(top.o)
 .text.mult_lvl_cmp
                0x000000000041ba64       0x98 procps/lib.a(top.o)
 .text.display_process_list
                0x000000000041bafc      0x69c procps/lib.a(top.o)
 .text.clearmems
                0x000000000041c198       0x48 procps/lib.a(top.o)
 .text.read_cpu_jiffy.constprop.0
                0x000000000041c1e0      0x200 procps/lib.a(top.o)
 .text.do_stats
                0x000000000041c3e0      0x184 procps/lib.a(top.o)
 .text.top_main
                0x000000000041c564      0x304 procps/lib.a(top.o)
                0x000000000041c564                top_main
 .text.uptime_main
                0x000000000041c868      0x16c procps/lib.a(uptime.o)
                0x000000000041c868                uptime_main
 .text.isdigit_str9
                0x000000000041c9d4       0x3c shell/lib.a(ash.o)
 .text.var_end  0x000000000041ca10       0x28 shell/lib.a(ash.o)
 .text.stunalloc
                0x000000000041ca38       0x24 shell/lib.a(ash.o)
 .text.setstackmark
                0x000000000041ca5c       0x30 shell/lib.a(ash.o)
 .text.prefix   0x000000000041ca8c       0x38 shell/lib.a(ash.o)
 .text.is_number
                0x000000000041cac4       0x38 shell/lib.a(ash.o)
 .text.varcmp   0x000000000041cafc       0x4c shell/lib.a(ash.o)
 .text.hashvar  0x000000000041cb48       0x58 shell/lib.a(ash.o)
 .text.vpcmp    0x000000000041cba0       0x10 shell/lib.a(ash.o)
 .text.findvar  0x000000000041cbb0       0x5c shell/lib.a(ash.o)
 .text.lookupvar
                0x000000000041cc0c       0x64 shell/lib.a(ash.o)
 .text.bltinlookup
                0x000000000041cc70       0x78 shell/lib.a(ash.o)
 .text.set_curjob
                0x000000000041cce8       0x84 shell/lib.a(ash.o)
 .text.jobno    0x000000000041cd6c       0x28 shell/lib.a(ash.o)
 .text.getstatus
                0x000000000041cd94       0xb0 shell/lib.a(ash.o)
 .text.need_to_remember
                0x000000000041ce44       0x48 shell/lib.a(ash.o)
 .text.is_hidden_fd
                0x000000000041ce8c       0x94 shell/lib.a(ash.o)
 .text.esclen   0x000000000041cf20       0x34 shell/lib.a(ash.o)
 .text.falsecmd
                0x000000000041cf54        0x8 shell/lib.a(ash.o)
 .text.truecmd  0x000000000041cf5c        0x8 shell/lib.a(ash.o)
 .text.bltincmd
                0x000000000041cf64       0x10 shell/lib.a(ash.o)
 .text.pungetc  0x000000000041cf74       0x24 shell/lib.a(ash.o)
 .text.raise_exception
                0x000000000041cf98       0x2c shell/lib.a(ash.o)
 .text.calcsize
                0x000000000041cfc4      0x144 shell/lib.a(ash.o)
 .text.sizenodelist
                0x000000000041d108       0x50 shell/lib.a(ash.o)
 .text.pushfile
                0x000000000041d158       0x34 shell/lib.a(ash.o)
 .text.goodname
                0x000000000041d18c       0x24 shell/lib.a(ash.o)
 .text.isassignment
                0x000000000041d1b0       0x3c shell/lib.a(ash.o)
 .text.freealias
                0x000000000041d1ec       0x6c shell/lib.a(ash.o)
 .text.freefunc
                0x000000000041d258       0x28 shell/lib.a(ash.o)
 .text.freeparam
                0x000000000041d280       0x6c shell/lib.a(ash.o)
 .text.setparam
                0x000000000041d2ec       0xb8 shell/lib.a(ash.o)
 .text.scanright
                0x000000000041d3a4      0x160 shell/lib.a(ash.o)
 .text.scanleft
                0x000000000041d504       0xb8 shell/lib.a(ash.o)
 .text.__lookupalias
                0x000000000041d5bc       0x98 shell/lib.a(ash.o)
 .text.lookupalias
                0x000000000041d654       0x44 shell/lib.a(ash.o)
 .text.msort    0x000000000041d698       0xf0 shell/lib.a(ash.o)
 .text.pstrcmp  0x000000000041d788       0x10 shell/lib.a(ash.o)
 .text.ignoresig
                0x000000000041d798       0x54 shell/lib.a(ash.o)
 .text.setsignal
                0x000000000041d7ec      0x1e8 shell/lib.a(ash.o)
 .text.nodeckstrdup
                0x000000000041d9d4       0x5c shell/lib.a(ash.o)
 .text.copynode
                0x000000000041da30      0x154 shell/lib.a(ash.o)
 .text.copynodelist
                0x000000000041db84       0x78 shell/lib.a(ash.o)
 .text.cmdlookup
                0x000000000041dbfc       0xf8 shell/lib.a(ash.o)
 .text.noclobberopen
                0x000000000041dcf4      0x104 shell/lib.a(ash.o)
 .text.errmsg   0x000000000041ddf8       0x2c shell/lib.a(ash.o)
 .text.tokname  0x000000000041de24       0x5c shell/lib.a(ash.o)
 .text.findkwd  0x000000000041de80       0x34 shell/lib.a(ash.o)
 .text.find_builtin
                0x000000000041deb4       0x34 shell/lib.a(ash.o)
 .text.ulimitcmd
                0x000000000041dee8        0xc shell/lib.a(ash.o)
 .text.printfcmd
                0x000000000041def4        0x8 shell/lib.a(ash.o)
 .text.historycmd
                0x000000000041defc       0x28 shell/lib.a(ash.o)
 .text.tryexec  0x000000000041df24      0x110 shell/lib.a(ash.o)
 .text.echocmd  0x000000000041e034        0x8 shell/lib.a(ash.o)
 .text.testcmd  0x000000000041e03c        0x8 shell/lib.a(ash.o)
 .text.raise_interrupt
                0x000000000041e044       0x74 shell/lib.a(ash.o)
 .text.int_on   0x000000000041e0b8       0x48 shell/lib.a(ash.o)
 .text.recordregion
                0x000000000041e100       0xa0 shell/lib.a(ash.o)
 .text.fmtstr   0x000000000041e1a0       0x50 shell/lib.a(ash.o)
 .text.sprint_status
                0x000000000041e1f0      0x11c shell/lib.a(ash.o)
 .text.removerecordregions
                0x000000000041e30c      0x150 shell/lib.a(ash.o)
 .text.freejob  0x000000000041e45c       0xc4 shell/lib.a(ash.o)
 .text.makejob  0x000000000041e520      0x1dc shell/lib.a(ash.o)
 .text.unalias  0x000000000041e6fc       0x58 shell/lib.a(ash.o)
 .text.popstring
                0x000000000041e754       0xec shell/lib.a(ash.o)
 .text.popfile  0x000000000041e840       0x84 shell/lib.a(ash.o)
 .text.popallfiles
                0x000000000041e8c4       0x48 shell/lib.a(ash.o)
 .text.outstr   0x000000000041e90c       0x2c shell/lib.a(ash.o)
 .text.out1str  0x000000000041e938       0x10 shell/lib.a(ash.o)
 .text.flush_stdout_stderr
                0x000000000041e948       0x2c shell/lib.a(ash.o)
 .text.out2str  0x000000000041e974       0x24 shell/lib.a(ash.o)
 .text.stoppedjobs
                0x000000000041e998       0x68 shell/lib.a(ash.o)
 .text.preadbuffer
                0x000000000041ea00      0x2c4 shell/lib.a(ash.o)
 .text.pgetc    0x000000000041ecc4       0x34 shell/lib.a(ash.o)
 .text.pgetc_without_PEOA
                0x000000000041ecf8       0x64 shell/lib.a(ash.o)
 .text.dowait   0x000000000041ed5c      0x1d4 shell/lib.a(ash.o)
 .text.blocking_wait_with_raise_on_sig
                0x000000000041ef30       0x48 shell/lib.a(ash.o)
 .text.popstackmark
                0x000000000041ef78       0xa0 shell/lib.a(ash.o)
 .text.setinputstring
                0x000000000041f018       0x64 shell/lib.a(ash.o)
 .text.pushstring
                0x000000000041f07c       0xb8 shell/lib.a(ash.o)
 .text.delete_cmd_entry
                0x000000000041f134       0x64 shell/lib.a(ash.o)
 .text.out1fmt  0x000000000041f198       0x54 shell/lib.a(ash.o)
 .text.timescmd
                0x000000000041f1ec       0xe0 shell/lib.a(ash.o)
 .text.helpcmd  0x000000000041f2cc       0xc8 shell/lib.a(ash.o)
 .text.clearcmdentry
                0x000000000041f394       0xd4 shell/lib.a(ash.o)
 .text.changepath
                0x000000000041f468      0x144 shell/lib.a(ash.o)
 .text.signal_handler
                0x000000000041f5ac       0x70 shell/lib.a(ash.o)
 .text.force_int_on
                0x000000000041f61c       0x3c shell/lib.a(ash.o)
 .text.evalbltin
                0x000000000041f658      0x10c shell/lib.a(ash.o)
 .text.outcslow.constprop.1
                0x000000000041f764       0x6c shell/lib.a(ash.o)
 .text.showjob  0x000000000041f7d0      0x244 shell/lib.a(ash.o)
 .text.showjobs
                0x000000000041fa14       0x90 shell/lib.a(ash.o)
 .text.ash_vmsg
                0x000000000041faa4       0xe4 shell/lib.a(ash.o)
 .text.ash_vmsg_and_raise
                0x000000000041fb88       0x2c shell/lib.a(ash.o)
 .text.ash_msg_and_raise_error
                0x000000000041fbb4       0x28 shell/lib.a(ash.o)
 .text.varunset
                0x000000000041fbdc       0x78 shell/lib.a(ash.o)
 .text.setvareq
                0x000000000041fc54      0x158 shell/lib.a(ash.o)
 .text.listsetvar
                0x000000000041fdac       0x70 shell/lib.a(ash.o)
 .text.setvar   0x000000000041fe1c      0x10c shell/lib.a(ash.o)
 .text.setvar2  0x000000000041ff28        0xc shell/lib.a(ash.o)
 .text.unsetvar
                0x000000000041ff34       0xe8 shell/lib.a(ash.o)
 .text.setpwd   0x000000000042001c      0x114 shell/lib.a(ash.o)
 .text.localcmd
                0x0000000000420130      0x17c shell/lib.a(ash.o)
 .text.setvarsafe
                0x00000000004202ac       0xb8 shell/lib.a(ash.o)
 .text.number   0x0000000000420364       0x3c shell/lib.a(ash.o)
 .text.returncmd
                0x00000000004203a0       0x3c shell/lib.a(ash.o)
 .text.exitcmd  0x00000000004203dc       0x50 shell/lib.a(ash.o)
 .text.getoptsreset
                0x000000000042042c       0x38 shell/lib.a(ash.o)
 .text.shiftcmd
                0x0000000000420464       0xf8 shell/lib.a(ash.o)
 .text.xtcsetpgrp
                0x000000000042055c       0x2c shell/lib.a(ash.o)
 .text.waitforjob
                0x0000000000420588       0xc4 shell/lib.a(ash.o)
 .text.forkchild
                0x000000000042064c      0x318 shell/lib.a(ash.o)
 .text.copyfd   0x0000000000420964       0x78 shell/lib.a(ash.o)
 .text.popredir
                0x00000000004209dc      0x16c shell/lib.a(ash.o)
 .text.clearredir
                0x0000000000420b48       0x50 shell/lib.a(ash.o)
 .text.ash_arith
                0x0000000000420b98       0x84 shell/lib.a(ash.o)
 .text.stalloc  0x0000000000420c1c       0xd4 shell/lib.a(ash.o)
 .text.ststrdup
                0x0000000000420cf0       0x44 shell/lib.a(ash.o)
 .text.stzalloc
                0x0000000000420d34       0x30 shell/lib.a(ash.o)
 .text.addfname
                0x0000000000420d64       0x54 shell/lib.a(ash.o)
 .text.expmeta  0x0000000000420db8      0x314 shell/lib.a(ash.o)
 .text.makename
                0x00000000004210cc       0x3c shell/lib.a(ash.o)
 .text.growstackblock
                0x0000000000421108      0x134 shell/lib.a(ash.o)
 .text.makestrspace
                0x000000000042123c       0x6c shell/lib.a(ash.o)
 .text.memtodest
                0x00000000004212a8       0xe0 shell/lib.a(ash.o)
 .text.stack_nputstr
                0x0000000000421388       0x4c shell/lib.a(ash.o)
 .text.stack_putstr
                0x00000000004213d4       0x3c shell/lib.a(ash.o)
 .text.cvtnum   0x0000000000421410       0x70 shell/lib.a(ash.o)
 .text.cmdputs  0x0000000000421480      0x2b0 shell/lib.a(ash.o)
 .text.cmdtxt   0x0000000000421730      0x3e4 shell/lib.a(ash.o)
 .text.cmdlist  0x0000000000421b14       0x80 shell/lib.a(ash.o)
 .text.single_quote
                0x0000000000421b94      0x110 shell/lib.a(ash.o)
 .text.printalias
                0x0000000000421ca4       0x3c shell/lib.a(ash.o)
 .text.aliascmd
                0x0000000000421ce0      0x1b8 shell/lib.a(ash.o)
 .text.rmescapes
                0x0000000000421e98      0x1cc shell/lib.a(ash.o)
 .text.preglob  0x0000000000422064       0x18 shell/lib.a(ash.o)
 .text.growstackstr
                0x000000000042207c       0x6c shell/lib.a(ash.o)
 .text._STPUTC  0x00000000004220e8       0x44 shell/lib.a(ash.o)
 .text.varvalue
                0x000000000042212c      0x408 shell/lib.a(ash.o)
 .text.listvars
                0x0000000000422534       0xfc shell/lib.a(ash.o)
 .text.showvars
                0x0000000000422630      0x108 shell/lib.a(ash.o)
 .text.path_advance
                0x0000000000422738      0x184 shell/lib.a(ash.o)
 .text.forkshell
                0x00000000004228bc      0x194 shell/lib.a(ash.o)
 .text.raise_error_syntax
                0x0000000000422a50       0x18 shell/lib.a(ash.o)
 .text.fixredir
                0x0000000000422a68       0xac shell/lib.a(ash.o)
 .text.raise_error_unexpected_syntax
                0x0000000000422b14       0x6c shell/lib.a(ash.o)
 .text.nextopt  0x0000000000422b80      0x110 shell/lib.a(ash.o)
 .text.cdopt    0x0000000000422c90       0x64 shell/lib.a(ash.o)
 .text.pwdcmd   0x0000000000422cf4       0x70 shell/lib.a(ash.o)
 .text.unsetcmd
                0x0000000000422d64       0xe0 shell/lib.a(ash.o)
 .text.unaliascmd
                0x0000000000422e44      0x138 shell/lib.a(ash.o)
 .text.exportcmd
                0x0000000000422f7c      0x130 shell/lib.a(ash.o)
 .text.getjob   0x00000000004230ac      0x1dc shell/lib.a(ash.o)
 .text.waitcmd  0x0000000000423288      0x188 shell/lib.a(ash.o)
 .text.killcmd  0x0000000000423410      0x174 shell/lib.a(ash.o)
 .text.jobscmd  0x0000000000423584       0xbc shell/lib.a(ash.o)
 .text.fg_bgcmd
                0x0000000000423640      0x1d4 shell/lib.a(ash.o)
 .text.letcmd   0x0000000000423814       0x50 shell/lib.a(ash.o)
 .text.breakcmd
                0x0000000000423864       0xa8 shell/lib.a(ash.o)
 .text.umaskcmd
                0x000000000042390c      0x200 shell/lib.a(ash.o)
 .text.setinputfile
                0x0000000000423b0c      0x104 shell/lib.a(ash.o)
 .text.readcmd  0x0000000000423c10      0x144 shell/lib.a(ash.o)
 .text.cdcmd    0x0000000000423d54      0x43c shell/lib.a(ash.o)
 .text.getoptscmd
                0x0000000000424190      0x37c shell/lib.a(ash.o)
 .text.ash_msg_and_raise
                0x000000000042450c       0x1c shell/lib.a(ash.o)
 .text.shellexec
                0x0000000000424528      0x148 shell/lib.a(ash.o)
 .text.ash_msg  0x0000000000424670       0x2c shell/lib.a(ash.o)
 .text.setjobctl
                0x000000000042469c      0x1d4 shell/lib.a(ash.o)
 .text.optschanged
                0x0000000000424870       0xa8 shell/lib.a(ash.o)
 .text.execcmd  0x0000000000424918       0x5c shell/lib.a(ash.o)
 .text.options  0x0000000000424974      0x31c shell/lib.a(ash.o)
 .text.setcmd   0x0000000000424c90       0x98 shell/lib.a(ash.o)
 .text.trapcmd  0x0000000000424d28      0x1c4 shell/lib.a(ash.o)
 .text.expandarg
                0x0000000000424eec      0x4c4 shell/lib.a(ash.o)
 .text.expredir
                0x00000000004253b0      0x104 shell/lib.a(ash.o)
 .text.redirect
                0x00000000004254b4      0x540 shell/lib.a(ash.o)
 .text.redirectsafe
                0x00000000004259f4       0xd0 shell/lib.a(ash.o)
 .text.evalsubshell
                0x0000000000425ac4       0xec shell/lib.a(ash.o)
 .text.expandstr
                0x0000000000425bb0       0x88 shell/lib.a(ash.o)
 .text.setprompt_if
                0x0000000000425c38       0xc4 shell/lib.a(ash.o)
 .text.parseheredoc
                0x0000000000425cfc       0xcc shell/lib.a(ash.o)
 .text.list     0x0000000000425dc8      0x224 shell/lib.a(ash.o)
 .text.readtoken1
                0x0000000000425fec     0x1200 shell/lib.a(ash.o)
 .text.xxreadtoken
                0x00000000004271ec      0x290 shell/lib.a(ash.o)
 .text.readtoken
                0x000000000042747c      0x140 shell/lib.a(ash.o)
 .text.parsefname
                0x00000000004275bc      0x1ac shell/lib.a(ash.o)
 .text.peektoken
                0x0000000000427768       0x40 shell/lib.a(ash.o)
 .text.parsecmd
                0x00000000004277a8       0x78 shell/lib.a(ash.o)
 .text.evalstring
                0x0000000000427820       0xa4 shell/lib.a(ash.o)
 .text.evaltree
                0x00000000004278c4      0x468 shell/lib.a(ash.o)
 .text.argstr   0x0000000000427d2c      0x68c shell/lib.a(ash.o)
 .text.subevalvar
                0x00000000004283b8      0x65c shell/lib.a(ash.o)
 .text.evalvar  0x0000000000428a14      0x358 shell/lib.a(ash.o)
 .text.evalloop
                0x0000000000428d6c      0x138 shell/lib.a(ash.o)
 .text.evalfun  0x0000000000428ea4      0x268 shell/lib.a(ash.o)
 .text.evalcmd  0x000000000042910c       0xa8 shell/lib.a(ash.o)
 .text.exitshell
                0x00000000004291b4       0x90 shell/lib.a(ash.o)
 .text.cmdloop  0x0000000000429244      0x140 shell/lib.a(ash.o)
 .text.find_command
                0x0000000000429384      0x44c shell/lib.a(ash.o)
 .text.describe_command
                0x00000000004297d0      0x244 shell/lib.a(ash.o)
 .text.typecmd  0x0000000000429a14       0x94 shell/lib.a(ash.o)
 .text.commandcmd
                0x0000000000429aa8       0x9c shell/lib.a(ash.o)
 .text.hashcmd  0x0000000000429b44      0x1e4 shell/lib.a(ash.o)
 .text.evalpipe
                0x0000000000429d28      0x1ec shell/lib.a(ash.o)
 .text.dotcmd   0x0000000000429f14      0x19c shell/lib.a(ash.o)
 .text.read_profile
                0x000000000042a0b0       0x4c shell/lib.a(ash.o)
 .text.parse_command
                0x000000000042a0fc      0x758 shell/lib.a(ash.o)
 .text.pipeline
                0x000000000042a854      0x11c shell/lib.a(ash.o)
 .text.evalcase
                0x000000000042a970      0x194 shell/lib.a(ash.o)
 .text.evalfor  0x000000000042ab04      0x160 shell/lib.a(ash.o)
 .text.evalcommand
                0x000000000042ac64      0x5dc shell/lib.a(ash.o)
 .text.ash_main
                0x000000000042b240      0x64c shell/lib.a(ash.o)
                0x000000000042b240                ash_main
 .text.arith_apply
                0x000000000042b88c      0x5cc shell/lib.a(math.o)
 .text.evaluate_string
                0x000000000042be58      0x3d0 shell/lib.a(math.o)
 .text.arith_lookup_val
                0x000000000042c228       0xe0 shell/lib.a(math.o)
 .text.arith    0x000000000042c308       0x10 shell/lib.a(math.o)
                0x000000000042c308                arith
 .text.printlim.isra.0
                0x000000000042c318       0x7c shell/lib.a(shell_common.o)
 .text.is_well_formed_var_name
                0x000000000042c394       0x78 shell/lib.a(shell_common.o)
                0x000000000042c394                is_well_formed_var_name
 .text.shell_builtin_read
                0x000000000042c40c      0x53c shell/lib.a(shell_common.o)
                0x000000000042c40c                shell_builtin_read
 .text.shell_builtin_ulimit
                0x000000000042c948      0x288 shell/lib.a(shell_common.o)
                0x000000000042c948                shell_builtin_ulimit
 .text.decode   0x000000000042cbd0       0x80 sysklogd/lib.a(syslogd_and_logger.o)
 .text.logger_main
                0x000000000042cc50      0x230 sysklogd/lib.a(syslogd_and_logger.o)
                0x000000000042cc50                logger_main
 .text.dmesg_main
                0x000000000042ce80      0x1d4 util-linux/lib.a(dmesg.o)
                0x000000000042ce80                dmesg_main
 .text.hexdump_main
                0x000000000042d054      0x25c util-linux/lib.a(hexdump.o)
                0x000000000042d054                hexdump_main
 .text.read_rtc
                0x000000000042d2b0       0x40 util-linux/lib.a(hwclock.o)
 .text.hwclock_main
                0x000000000042d2f0      0x210 util-linux/lib.a(hwclock.o)
                0x000000000042d2f0                hwclock_main
 .text.mkswap_main
                0x000000000042d500      0x174 util-linux/lib.a(mkswap.o)
                0x000000000042d500                mkswap_main
 .text.parse_mount_options
                0x000000000042d674      0x170 util-linux/lib.a(mount.o)
 .text.append_mount_options
                0x000000000042d7e4      0x148 util-linux/lib.a(mount.o)
 .text.mount_it_now
                0x000000000042d92c      0x19c util-linux/lib.a(mount.o)
 .text.singlemount
                0x000000000042dac8      0x5f8 util-linux/lib.a(mount.o)
 .text.mount_main
                0x000000000042e0c0      0x560 util-linux/lib.a(mount.o)
                0x000000000042e0c0                mount_main
 .text.pivot_root_main
                0x000000000042e620       0x48 util-linux/lib.a(pivot_root.o)
                0x000000000042e620                pivot_root_main
 .text.delete_contents
                0x000000000042e668      0x12c util-linux/lib.a(switch_root.o)
 .text.switch_root_main
                0x000000000042e794      0x1c0 util-linux/lib.a(switch_root.o)
                0x000000000042e794                switch_root_main
 .text.umount_main
                0x000000000042e954      0x358 util-linux/lib.a(umount.o)
                0x000000000042e954                umount_main
 .text.make_new_name_generic
                0x000000000042ecac       0x68 archival/lib.a(bbunzip.o)
 .text.unpack_bunzip2
                0x000000000042ed14       0x10 archival/lib.a(bbunzip.o)
 .text.make_new_name_gunzip
                0x000000000042ed24       0xac archival/lib.a(bbunzip.o)
 .text.unpack_gunzip
                0x000000000042edd0       0x10 archival/lib.a(bbunzip.o)
 .text.open_to_or_warn
                0x000000000042ede0       0x48 archival/lib.a(bbunzip.o)
 .text.append_ext
                0x000000000042ee28       0x1c archival/lib.a(bbunzip.o)
                0x000000000042ee28                append_ext
 .text.bbunpack
                0x000000000042ee44      0x350 archival/lib.a(bbunzip.o)
                0x000000000042ee44                bbunpack
 .text.gunzip_main
                0x000000000042f194       0x80 archival/lib.a(bbunzip.o)
                0x000000000042f194                gunzip_main
 .text.bunzip2_main
                0x000000000042f214       0x7c archival/lib.a(bbunzip.o)
                0x000000000042f214                bunzip2_main
 .text.bi_reverse
                0x000000000042f290       0x28 archival/lib.a(gzip.o)
 .text.init_block
                0x000000000042f2b8       0x78 archival/lib.a(gzip.o)
 .text.pqdownheap
                0x000000000042f330      0x104 archival/lib.a(gzip.o)
 .text.gen_codes
                0x000000000042f434       0xb4 archival/lib.a(gzip.o)
 .text.build_tree
                0x000000000042f4e8      0x4a0 archival/lib.a(gzip.o)
 .text.scan_tree
                0x000000000042f988      0x134 archival/lib.a(gzip.o)
 .text.ct_tally
                0x000000000042fabc      0x19c archival/lib.a(gzip.o)
 .text.file_read
                0x000000000042fc58       0x84 archival/lib.a(gzip.o)
 .text.fill_window
                0x000000000042fcdc      0x154 archival/lib.a(gzip.o)
 .text.flush_outbuf
                0x000000000042fe30       0x40 archival/lib.a(gzip.o)
 .text.put_16bit
                0x000000000042fe70       0xbc archival/lib.a(gzip.o)
 .text.send_bits
                0x000000000042ff2c       0x9c archival/lib.a(gzip.o)
 .text.send_tree
                0x000000000042ffc8      0x1e4 archival/lib.a(gzip.o)
 .text.compress_block
                0x00000000004301ac      0x1c4 archival/lib.a(gzip.o)
 .text.put_32bit
                0x0000000000430370       0x2c archival/lib.a(gzip.o)
 .text.bi_windup
                0x000000000043039c       0x84 archival/lib.a(gzip.o)
 .text.flush_block
                0x0000000000430420      0x2d4 archival/lib.a(gzip.o)
 .text.pack_gzip
                0x00000000004306f4      0x878 archival/lib.a(gzip.o)
 .text.gzip_main
                0x0000000000430f6c      0x100 archival/lib.a(gzip.o)
                0x0000000000430f6c                gzip_main
 .text.gnu_dev_major
                0x000000000043106c       0x18 archival/lib.a(tar.o)
 .text.gnu_dev_minor
                0x0000000000431084       0x20 archival/lib.a(tar.o)
 .text.append_file_list_to_list
                0x00000000004310a4       0x98 archival/lib.a(tar.o)
 .text.vfork_compressor
                0x000000000043113c      0x124 archival/lib.a(tar.o)
 .text.writeTarFile
                0x0000000000431260      0x168 archival/lib.a(tar.o)
 .text.putOctal
                0x00000000004313c8       0x70 archival/lib.a(tar.o)
 .text.chksum_and_xwrite
                0x0000000000431438       0x94 archival/lib.a(tar.o)
 .text.writeLongname
                0x00000000004314cc      0x104 archival/lib.a(tar.o)
 .text.writeTarHeader
                0x00000000004315d0      0x3ac archival/lib.a(tar.o)
 .text.writeFileToTarball
                0x000000000043197c      0x308 archival/lib.a(tar.o)
 .text.tar_main
                0x0000000000431c84      0x344 archival/lib.a(tar.o)
                0x0000000000431c84                tar_main
 .text.data_extract_all
                0x0000000000431fc8      0x438 archival/libarchive/lib.a(data_extract_all.o)
                0x0000000000431fc8                data_extract_all
 .text.data_extract_to_stdout
                0x0000000000432400       0x1c archival/libarchive/lib.a(data_extract_to_stdout.o)
                0x0000000000432400                data_extract_to_stdout
 .text.data_skip
                0x000000000043241c       0x1c archival/libarchive/lib.a(data_skip.o)
                0x000000000043241c                data_skip
 .text.get_bits
                0x0000000000432438      0x10c archival/libarchive/lib.a(decompress_bunzip2.o)
 .text.get_next_block
                0x0000000000432544      0x810 archival/libarchive/lib.a(decompress_bunzip2.o)
 .text.read_bunzip
                0x0000000000432d54      0x190 archival/libarchive/lib.a(decompress_bunzip2.o)
                0x0000000000432d54                read_bunzip
 .text.start_bunzip